Archive member included to satisfy reference by file (symbol)

c:/program files (x86)/atollic/truestudio for stm32 9.3.0/armtools/bin/../lib/gcc/arm-atollic-eabi/6.3.1/../../../../arm-atollic-eabi/lib/armv7e-m/fpu\libc_nano.a(lib_a-errno.o)
                              Core\Src\syscalls.o (__errno)
c:/program files (x86)/atollic/truestudio for stm32 9.3.0/armtools/bin/../lib/gcc/arm-atollic-eabi/6.3.1/../../../../arm-atollic-eabi/lib/armv7e-m/fpu\libc_nano.a(lib_a-impure.o)
                              c:/program files (x86)/atollic/truestudio for stm32 9.3.0/armtools/bin/../lib/gcc/arm-atollic-eabi/6.3.1/../../../../arm-atollic-eabi/lib/armv7e-m/fpu\libc_nano.a(lib_a-errno.o) (_impure_ptr)
c:/program files (x86)/atollic/truestudio for stm32 9.3.0/armtools/bin/../lib/gcc/arm-atollic-eabi/6.3.1/../../../../arm-atollic-eabi/lib/armv7e-m/fpu\libc_nano.a(lib_a-init.o)
                              startup\startup_stm32f407xx.o (__libc_init_array)
c:/program files (x86)/atollic/truestudio for stm32 9.3.0/armtools/bin/../lib/gcc/arm-atollic-eabi/6.3.1/../../../../arm-atollic-eabi/lib/armv7e-m/fpu\libc_nano.a(lib_a-malloc.o)
                              Middlewares\ST\STM32_USB_Host_Library\Class\CDC\Src\usbh_cdc.o (malloc)
c:/program files (x86)/atollic/truestudio for stm32 9.3.0/armtools/bin/../lib/gcc/arm-atollic-eabi/6.3.1/../../../../arm-atollic-eabi/lib/armv7e-m/fpu\libc_nano.a(lib_a-memset.o)
                              Core\Src\main.o (memset)
c:/program files (x86)/atollic/truestudio for stm32 9.3.0/armtools/bin/../lib/gcc/arm-atollic-eabi/6.3.1/../../../../arm-atollic-eabi/lib/armv7e-m/fpu\libc_nano.a(lib_a-nano-freer.o)
                              c:/program files (x86)/atollic/truestudio for stm32 9.3.0/armtools/bin/../lib/gcc/arm-atollic-eabi/6.3.1/../../../../arm-atollic-eabi/lib/armv7e-m/fpu\libc_nano.a(lib_a-malloc.o) (_free_r)
c:/program files (x86)/atollic/truestudio for stm32 9.3.0/armtools/bin/../lib/gcc/arm-atollic-eabi/6.3.1/../../../../arm-atollic-eabi/lib/armv7e-m/fpu\libc_nano.a(lib_a-nano-mallocr.o)
                              c:/program files (x86)/atollic/truestudio for stm32 9.3.0/armtools/bin/../lib/gcc/arm-atollic-eabi/6.3.1/../../../../arm-atollic-eabi/lib/armv7e-m/fpu\libc_nano.a(lib_a-malloc.o) (_malloc_r)
c:/program files (x86)/atollic/truestudio for stm32 9.3.0/armtools/bin/../lib/gcc/arm-atollic-eabi/6.3.1/../../../../arm-atollic-eabi/lib/armv7e-m/fpu\libc_nano.a(lib_a-sbrkr.o)
                              c:/program files (x86)/atollic/truestudio for stm32 9.3.0/armtools/bin/../lib/gcc/arm-atollic-eabi/6.3.1/../../../../arm-atollic-eabi/lib/armv7e-m/fpu\libc_nano.a(lib_a-nano-mallocr.o) (_sbrk_r)
c:/program files (x86)/atollic/truestudio for stm32 9.3.0/armtools/bin/../lib/gcc/arm-atollic-eabi/6.3.1/../../../../arm-atollic-eabi/lib/armv7e-m/fpu\libc_nano.a(lib_a-mlock.o)
                              c:/program files (x86)/atollic/truestudio for stm32 9.3.0/armtools/bin/../lib/gcc/arm-atollic-eabi/6.3.1/../../../../arm-atollic-eabi/lib/armv7e-m/fpu\libc_nano.a(lib_a-nano-freer.o) (__malloc_lock)
c:/program files (x86)/atollic/truestudio for stm32 9.3.0/armtools/bin/../lib/gcc/arm-atollic-eabi/6.3.1/../../../../arm-atollic-eabi/lib/armv7e-m/fpu\libc_nano.a(lib_a-reent.o)
                              c:/program files (x86)/atollic/truestudio for stm32 9.3.0/armtools/bin/../lib/gcc/arm-atollic-eabi/6.3.1/../../../../arm-atollic-eabi/lib/armv7e-m/fpu\libc_nano.a(lib_a-sbrkr.o) (errno)
c:/program files (x86)/atollic/truestudio for stm32 9.3.0/armtools/bin/../lib/gcc/arm-atollic-eabi/6.3.1/armv7e-m/fpu\libgcc.a(_aeabi_uldivmod.o)
                              Drivers\STM32F4xx_HAL_Driver\Src\stm32f4xx_hal_rcc.o (__aeabi_uldivmod)
c:/program files (x86)/atollic/truestudio for stm32 9.3.0/armtools/bin/../lib/gcc/arm-atollic-eabi/6.3.1/armv7e-m/fpu\libgcc.a(_udivmoddi4.o)
                              c:/program files (x86)/atollic/truestudio for stm32 9.3.0/armtools/bin/../lib/gcc/arm-atollic-eabi/6.3.1/armv7e-m/fpu\libgcc.a(_aeabi_uldivmod.o) (__udivmoddi4)
c:/program files (x86)/atollic/truestudio for stm32 9.3.0/armtools/bin/../lib/gcc/arm-atollic-eabi/6.3.1/armv7e-m/fpu\libgcc.a(_dvmd_tls.o)
                              c:/program files (x86)/atollic/truestudio for stm32 9.3.0/armtools/bin/../lib/gcc/arm-atollic-eabi/6.3.1/armv7e-m/fpu\libgcc.a(_aeabi_uldivmod.o) (__aeabi_ldiv0)

Allocating common symbols
Common symbol       size              file

errno               0x4               c:/program files (x86)/atollic/truestudio for stm32 9.3.0/armtools/bin/../lib/gcc/arm-atollic-eabi/6.3.1/../../../../arm-atollic-eabi/lib/armv7e-m/fpu\libc_nano.a(lib_a-reent.o)
hi2c1               0x54              Core\Src\i2c.o
hUsbHostFS          0x3d8             USB_HOST\App\usb_host.o
uwTick              0x4               Drivers\STM32F4xx_HAL_Driver\Src\stm32f4xx_hal.o
pFlash              0x20              Drivers\STM32F4xx_HAL_Driver\Src\stm32f4xx_hal_flash.o
[...]
Memory Configuration

Name             Origin             Length             Attributes
RAM              0x20000000         0x00020000         xrw
CCMRAM           0x10000000         0x00010000         xrw
FLASH            0x08000000         0x00100000         xr
*default*        0x00000000         0xffffffff

Linker script and memory map

LOAD c:/program files (x86)/atollic/truestudio for stm32 9.3.0/armtools/bin/../lib/gcc/arm-atollic-eabi/6.3.1/armv7e-m/fpu/crti.o
LOAD c:/program files (x86)/atollic/truestudio for stm32 9.3.0/armtools/bin/../lib/gcc/arm-atollic-eabi/6.3.1/armv7e-m/fpu/crtbegin.o
LOAD Core\Src\gpio.o
LOAD Core\Src\i2c.o
LOAD Core\Src\i2s.o
LOAD Core\Src\main.o
LOAD Core\Src\spi.o
LOAD Core\Src\stm32f4xx_hal_msp.o
LOAD Core\Src\stm32f4xx_it.o
LOAD Core\Src\syscalls.o
LOAD Core\Src\system_stm32f4xx.o
LOAD Drivers\STM32F4xx_HAL_Driver\Src\stm32f4xx_hal.o
LOAD Drivers\STM32F4xx_HAL_Driver\Src\stm32f4xx_hal_cortex.o
LOAD Drivers\STM32F4xx_HAL_Driver\Src\stm32f4xx_hal_dma.o
LOAD Drivers\STM32F4xx_HAL_Driver\Src\stm32f4xx_hal_dma_ex.o
LOAD Drivers\STM32F4xx_HAL_Driver\Src\stm32f4xx_hal_exti.o
LOAD Drivers\STM32F4xx_HAL_Driver\Src\stm32f4xx_hal_flash.o
LOAD Drivers\STM32F4xx_HAL_Driver\Src\stm32f4xx_hal_flash_ex.o
LOAD Drivers\STM32F4xx_HAL_Driver\Src\stm32f4xx_hal_flash_ramfunc.o
LOAD Drivers\STM32F4xx_HAL_Driver\Src\stm32f4xx_hal_gpio.o
LOAD Drivers\STM32F4xx_HAL_Driver\Src\stm32f4xx_hal_hcd.o
LOAD Drivers\STM32F4xx_HAL_Driver\Src\stm32f4xx_hal_i2c.o
LOAD Drivers\STM32F4xx_HAL_Driver\Src\stm32f4xx_hal_i2c_ex.o
LOAD Drivers\STM32F4xx_HAL_Driver\Src\stm32f4xx_hal_i2s.o
LOAD Drivers\STM32F4xx_HAL_Driver\Src\stm32f4xx_hal_i2s_ex.o
LOAD Drivers\STM32F4xx_HAL_Driver\Src\stm32f4xx_hal_pwr.o
LOAD Drivers\STM32F4xx_HAL_Driver\Src\stm32f4xx_hal_pwr_ex.o
LOAD Drivers\STM32F4xx_HAL_Driver\Src\stm32f4xx_hal_rcc.o
LOAD Drivers\STM32F4xx_HAL_Driver\Src\stm32f4xx_hal_rcc_ex.o
LOAD Drivers\STM32F4xx_HAL_Driver\Src\stm32f4xx_hal_spi.o
LOAD Drivers\STM32F4xx_HAL_Driver\Src\stm32f4xx_hal_tim.o
LOAD Drivers\STM32F4xx_HAL_Driver\Src\stm32f4xx_hal_tim_ex.o
LOAD Drivers\STM32F4xx_HAL_Driver\Src\stm32f4xx_ll_usb.o
LOAD Middlewares\ST\STM32_USB_Host_Library\Class\CDC\Src\usbh_cdc.o
LOAD Middlewares\ST\STM32_USB_Host_Library\Core\Src\usbh_core.o
LOAD Middlewares\ST\STM32_USB_Host_Library\Core\Src\usbh_ctlreq.o
LOAD Middlewares\ST\STM32_USB_Host_Library\Core\Src\usbh_ioreq.o
LOAD Middlewares\ST\STM32_USB_Host_Library\Core\Src\usbh_pipes.o
LOAD USB_HOST\App\usb_host.o
LOAD USB_HOST\Target\usbh_conf.o
LOAD USB_HOST\Target\usbh_platform.o
LOAD startup\startup_stm32f407xx.o
                0x00000080                malloc_getpagesize_P = 0x80
START GROUP
LOAD c:/program files (x86)/atollic/truestudio for stm32 9.3.0/armtools/bin/../lib/gcc/arm-atollic-eabi/6.3.1/../../../../arm-atollic-eabi/lib/armv7e-m/fpu\libc_nano.a
LOAD c:/program files (x86)/atollic/truestudio for stm32 9.3.0/armtools/bin/../lib/gcc/arm-atollic-eabi/6.3.1/../../../../arm-atollic-eabi/lib/armv7e-m/fpu\libm.a
END GROUP
START GROUP
LOAD c:/program files (x86)/atollic/truestudio for stm32 9.3.0/armtools/bin/../lib/gcc/arm-atollic-eabi/6.3.1/armv7e-m/fpu\libgcc.a
LOAD c:/program files (x86)/atollic/truestudio for stm32 9.3.0/armtools/bin/../lib/gcc/arm-atollic-eabi/6.3.1/../../../../arm-atollic-eabi/lib/armv7e-m/fpu\libc_nano.a
END GROUP
START GROUP
LOAD c:/program files (x86)/atollic/truestudio for stm32 9.3.0/armtools/bin/../lib/gcc/arm-atollic-eabi/6.3.1/armv7e-m/fpu\libgcc.a
LOAD c:/program files (x86)/atollic/truestudio for stm32 9.3.0/armtools/bin/../lib/gcc/arm-atollic-eabi/6.3.1/../../../../arm-atollic-eabi/lib/armv7e-m/fpu\libc_nano.a
LOAD c:/program files (x86)/atollic/truestudio for stm32 9.3.0/armtools/bin/../lib/gcc/arm-atollic-eabi/6.3.1/../../../../arm-atollic-eabi/lib/armv7e-m/fpu\libnosys.a
END GROUP
START GROUP
LOAD c:/program files (x86)/atollic/truestudio for stm32 9.3.0/armtools/bin/../lib/gcc/arm-atollic-eabi/6.3.1/armv7e-m/fpu\libgcc.a
LOAD c:/program files (x86)/atollic/truestudio for stm32 9.3.0/armtools/bin/../lib/gcc/arm-atollic-eabi/6.3.1/../../../../arm-atollic-eabi/lib/armv7e-m/fpu\libc_nano.a
LOAD c:/program files (x86)/atollic/truestudio for stm32 9.3.0/armtools/bin/../lib/gcc/arm-atollic-eabi/6.3.1/../../../../arm-atollic-eabi/lib/armv7e-m/fpu\libnosys.a
END GROUP
LOAD c:/program files (x86)/atollic/truestudio for stm32 9.3.0/armtools/bin/../lib/gcc/arm-atollic-eabi/6.3.1/armv7e-m/fpu/crtend.o
LOAD c:/program files (x86)/atollic/truestudio for stm32 9.3.0/armtools/bin/../lib/gcc/arm-atollic-eabi/6.3.1/armv7e-m/fpu/crtn.o
                0x20020000                _estack = 0x20020000
                0x00000200                _Min_Heap_Size = 0x200
                0x00000400                _Min_Stack_Size = 0x400

.isr_vector     0x08000000      0x188
                0x08000000                . = ALIGN (0x4)
 *(.isr_vector)
 .isr_vector    0x08000000      0x188 startup\startup_stm32f407xx.o
                0x08000000                g_pfnVectors
                0x08000188                . = ALIGN (0x4)

.text           0x08000188     0x7ab8
                0x08000188                . = ALIGN (0x4)
 *(.text)
 .text          0x08000188       0x40 c:/program files (x86)/atollic/truestudio for stm32 9.3.0/armtools/bin/../lib/gcc/arm-atollic-eabi/6.3.1/armv7e-m/fpu/crtbegin.o
 .text          0x080001c8       0x30 c:/program files (x86)/atollic/truestudio for stm32 9.3.0/armtools/bin/../lib/gcc/arm-atollic-eabi/6.3.1/armv7e-m/fpu\libgcc.a(_aeabi_uldivmod.o)
                0x080001c8                __aeabi_uldivmod
 .text          0x080001f8      0x2dc c:/program files (x86)/atollic/truestudio for stm32 9.3.0/armtools/bin/../lib/gcc/arm-atollic-eabi/6.3.1/armv7e-m/fpu\libgcc.a(_udivmoddi4.o)
                0x080001f8                __udivmoddi4
 .text          0x080004d4        0x4 c:/program files (x86)/atollic/truestudio for stm32 9.3.0/armtools/bin/../lib/gcc/arm-atollic-eabi/6.3.1/armv7e-m/fpu\libgcc.a(_dvmd_tls.o)
                0x080004d4                __aeabi_idiv0
                0x080004d4                __aeabi_ldiv0
 *(.text*)
 .text.MX_GPIO_Init
                0x080004d8      0x1fc Core\Src\gpio.o
                0x080004d8                MX_GPIO_Init
 .text.MX_I2C1_Init
                0x080006d4       0x5c Core\Src\i2c.o
                0x080006d4                MX_I2C1_Init
 .text.HAL_I2C_MspInit
                0x08000730       0x90 Core\Src\i2c.o
                0x08000730                HAL_I2C_MspInit
 .text.MX_I2S3_Init
                0x080007c0       0x60 Core\Src\i2s.o
                0x080007c0                MX_I2S3_Init
 .text.HAL_I2S_MspInit
                0x08000820       0xd0 Core\Src\i2s.o
                0x08000820                HAL_I2S_MspInit
 .text.main     0x080008f0       0xd0 Core\Src\main.o
                0x080008f0                main
 .text.SystemClock_Config
                0x080009c0      0x104 Core\Src\main.o
                0x080009c0                SystemClock_Config
 .text.Error_Handler
                0x08000ac4        0x8 Core\Src\main.o
                0x08000ac4                Error_Handler
 .text.MX_SPI1_Init
                0x08000acc       0x6c Core\Src\spi.o
                0x08000acc                MX_SPI1_Init
 .text.HAL_SPI_MspInit
                0x08000b38       0x90 Core\Src\spi.o
                0x08000b38                HAL_SPI_MspInit
 .text.HAL_MspInit
                0x08000bc8       0x50 Core\Src\stm32f4xx_hal_msp.o
                0x08000bc8                HAL_MspInit
 .text.NMI_Handler
                0x08000c18        0x6 Core\Src\stm32f4xx_it.o
                0x08000c18                NMI_Handler
 .text.HardFault_Handler
                0x08000c1e        0x6 Core\Src\stm32f4xx_it.o
                0x08000c1e                HardFault_Handler
 .text.MemManage_Handler
                0x08000c24        0x6 Core\Src\stm32f4xx_it.o
                0x08000c24                MemManage_Handler
 .text.BusFault_Handler
                0x08000c2a        0x6 Core\Src\stm32f4xx_it.o
                0x08000c2a                BusFault_Handler
 .text.UsageFault_Handler
                0x08000c30        0x6 Core\Src\stm32f4xx_it.o
                0x08000c30                UsageFault_Handler
 .text.SVC_Handler
                0x08000c36        0xe Core\Src\stm32f4xx_it.o
                0x08000c36                SVC_Handler
 .text.DebugMon_Handler
                0x08000c44        0xe Core\Src\stm32f4xx_it.o
                0x08000c44                DebugMon_Handler
 .text.PendSV_Handler
                0x08000c52        0xe Core\Src\stm32f4xx_it.o
                0x08000c52                PendSV_Handler
 .text.SysTick_Handler
                0x08000c60        0xc Core\Src\stm32f4xx_it.o
                0x08000c60                SysTick_Handler
 .text.OTG_FS_IRQHandler
                0x08000c6c       0x14 Core\Src\stm32f4xx_it.o
                0x08000c6c                OTG_FS_IRQHandler
 .text._sbrk    0x08000c80       0x58 Core\Src\syscalls.o
                0x08000c80                _sbrk
 .text.SystemInit
                0x08000cd8       0x24 Core\Src\system_stm32f4xx.o
                0x08000cd8                SystemInit
 .text.HAL_Init
                0x08000cfc       0x44 Drivers\STM32F4xx_HAL_Driver\Src\stm32f4xx_hal.o
                0x08000cfc                HAL_Init
 .text.HAL_InitTick
                0x08000d40       0x60 Drivers\STM32F4xx_HAL_Driver\Src\stm32f4xx_hal.o
                0x08000d40                HAL_InitTick
 .text.HAL_IncTick
                0x08000da0       0x28 Drivers\STM32F4xx_HAL_Driver\Src\stm32f4xx_hal.o
                0x08000da0                HAL_IncTick
 .text.HAL_GetTick
                0x08000dc8       0x18 Drivers\STM32F4xx_HAL_Driver\Src\stm32f4xx_hal.o
                0x08000dc8                HAL_GetTick
 .text.HAL_Delay
                0x08000de0       0x44 Drivers\STM32F4xx_HAL_Driver\Src\stm32f4xx_hal.o
                0x08000de0                HAL_Delay
 .text.__NVIC_SetPriorityGrouping
                0x08000e24       0x48 Drivers\STM32F4xx_HAL_Driver\Src\stm32f4xx_hal_cortex.o
 .text.__NVIC_GetPriorityGrouping
                0x08000e6c       0x1c Drivers\STM32F4xx_HAL_Driver\Src\stm32f4xx_hal_cortex.o
 .text.__NVIC_EnableIRQ
                0x08000e88       0x3c Drivers\STM32F4xx_HAL_Driver\Src\stm32f4xx_hal_cortex.o
 .text.__NVIC_SetPriority
                0x08000ec4       0x54 Drivers\STM32F4xx_HAL_Driver\Src\stm32f4xx_hal_cortex.o
 .text.NVIC_EncodePriority
                0x08000f18       0x62 Drivers\STM32F4xx_HAL_Driver\Src\stm32f4xx_hal_cortex.o
 *fill*         0x08000f7a        0x2 
 .text.SysTick_Config
                0x08000f7c       0x44 Drivers\STM32F4xx_HAL_Driver\Src\stm32f4xx_hal_cortex.o
 .text.HAL_NVIC_SetPriorityGrouping
                0x08000fc0       0x16 Drivers\STM32F4xx_HAL_Driver\Src\stm32f4xx_hal_cortex.o
                0x08000fc0                HAL_NVIC_SetPriorityGrouping
 .text.HAL_NVIC_SetPriority
                0x08000fd6       0x38 Drivers\STM32F4xx_HAL_Driver\Src\stm32f4xx_hal_cortex.o
                0x08000fd6                HAL_NVIC_SetPriority
 .text.HAL_NVIC_EnableIRQ
                0x0800100e       0x1c Drivers\STM32F4xx_HAL_Driver\Src\stm32f4xx_hal_cortex.o
                0x0800100e                HAL_NVIC_EnableIRQ
 .text.HAL_SYSTICK_Config
                0x0800102a       0x18 Drivers\STM32F4xx_HAL_Driver\Src\stm32f4xx_hal_cortex.o
                0x0800102a                HAL_SYSTICK_Config
 *fill*         0x08001042        0x2 
 .text.HAL_GPIO_Init
                0x08001044      0x334 Drivers\STM32F4xx_HAL_Driver\Src\stm32f4xx_hal_gpio.o
                0x08001044                HAL_GPIO_Init
 .text.HAL_GPIO_ReadPin
                0x08001378       0x30 Drivers\STM32F4xx_HAL_Driver\Src\stm32f4xx_hal_gpio.o
                0x08001378                HAL_GPIO_ReadPin
 .text.HAL_GPIO_WritePin
                0x080013a8       0x32 Drivers\STM32F4xx_HAL_Driver\Src\stm32f4xx_hal_gpio.o
                0x080013a8                HAL_GPIO_WritePin
 .text.HAL_HCD_Init
                0x080013da       0xc4 Drivers\STM32F4xx_HAL_Driver\Src\stm32f4xx_hal_hcd.o
                0x080013da                HAL_HCD_Init
 .text.HAL_HCD_HC_Init
                0x0800149e      0x11e Drivers\STM32F4xx_HAL_Driver\Src\stm32f4xx_hal_hcd.o
                0x0800149e                HAL_HCD_HC_Init
 .text.HAL_HCD_HC_Halt
                0x080015bc       0x46 Drivers\STM32F4xx_HAL_Driver\Src\stm32f4xx_hal_hcd.o
                0x080015bc                HAL_HCD_HC_Halt
 *fill*         0x08001602        0x2 
 .text.HAL_HCD_HC_SubmitRequest
                0x08001604      0x2ac Drivers\STM32F4xx_HAL_Driver\Src\stm32f4xx_hal_hcd.o
                0x08001604                HAL_HCD_HC_SubmitRequest
 .text.HAL_HCD_IRQHandler
                0x080018b0      0x208 Drivers\STM32F4xx_HAL_Driver\Src\stm32f4xx_hal_hcd.o
                0x080018b0                HAL_HCD_IRQHandler
 .text.HAL_HCD_Start
                0x08001ab8       0x46 Drivers\STM32F4xx_HAL_Driver\Src\stm32f4xx_hal_hcd.o
                0x08001ab8                HAL_HCD_Start
 .text.HAL_HCD_Stop
                0x08001afe       0x3a Drivers\STM32F4xx_HAL_Driver\Src\stm32f4xx_hal_hcd.o
                0x08001afe                HAL_HCD_Stop
 .text.HAL_HCD_ResetPort
                0x08001b38       0x1c Drivers\STM32F4xx_HAL_Driver\Src\stm32f4xx_hal_hcd.o
                0x08001b38                HAL_HCD_ResetPort
 .text.HAL_HCD_HC_GetURBState
                0x08001b54       0x28 Drivers\STM32F4xx_HAL_Driver\Src\stm32f4xx_hal_hcd.o
                0x08001b54                HAL_HCD_HC_GetURBState
 .text.HAL_HCD_HC_GetXferCount
                0x08001b7c       0x28 Drivers\STM32F4xx_HAL_Driver\Src\stm32f4xx_hal_hcd.o
                0x08001b7c                HAL_HCD_HC_GetXferCount
 .text.HAL_HCD_GetCurrentFrame
                0x08001ba4       0x1c Drivers\STM32F4xx_HAL_Driver\Src\stm32f4xx_hal_hcd.o
                0x08001ba4                HAL_HCD_GetCurrentFrame
 .text.HAL_HCD_GetCurrentSpeed
                0x08001bc0       0x1c Drivers\STM32F4xx_HAL_Driver\Src\stm32f4xx_hal_hcd.o
                0x08001bc0                HAL_HCD_GetCurrentSpeed
 .text.HCD_HC_IN_IRQHandler
                0x08001bdc      0x860 Drivers\STM32F4xx_HAL_Driver\Src\stm32f4xx_hal_hcd.o
 .text.HCD_HC_OUT_IRQHandler
                0x0800243c      0x812 Drivers\STM32F4xx_HAL_Driver\Src\stm32f4xx_hal_hcd.o
 .text.HCD_RXQLVL_IRQHandler
                0x08002c4e      0x1a2 Drivers\STM32F4xx_HAL_Driver\Src\stm32f4xx_hal_hcd.o
 .text.HCD_Port_IRQHandler
                0x08002df0       0xe6 Drivers\STM32F4xx_HAL_Driver\Src\stm32f4xx_hal_hcd.o
 *fill*         0x08002ed6        0x2 
 .text.HAL_I2C_Init
                0x08002ed8      0x270 Drivers\STM32F4xx_HAL_Driver\Src\stm32f4xx_hal_i2c.o
                0x08002ed8                HAL_I2C_Init
 .text.HAL_I2S_Init
                0x08003148      0x280 Drivers\STM32F4xx_HAL_Driver\Src\stm32f4xx_hal_i2s.o
                0x08003148                HAL_I2S_Init
 .text.HAL_I2S_TxCpltCallback
                0x080033c8       0x14 Drivers\STM32F4xx_HAL_Driver\Src\stm32f4xx_hal_i2s.o
                0x080033c8                HAL_I2S_TxCpltCallback
 .text.HAL_I2S_RxCpltCallback
                0x080033dc       0x14 Drivers\STM32F4xx_HAL_Driver\Src\stm32f4xx_hal_i2s.o
                0x080033dc                HAL_I2S_RxCpltCallback
 .text.HAL_I2S_ErrorCallback
                0x080033f0       0x14 Drivers\STM32F4xx_HAL_Driver\Src\stm32f4xx_hal_i2s.o
                0x080033f0                HAL_I2S_ErrorCallback
 .text.I2S_Transmit_IT
                0x08003404       0x5c Drivers\STM32F4xx_HAL_Driver\Src\stm32f4xx_hal_i2s.o
 .text.I2S_Receive_IT
                0x08003460       0x5e Drivers\STM32F4xx_HAL_Driver\Src\stm32f4xx_hal_i2s.o
 .text.I2S_IRQHandler
                0x080034be      0x114 Drivers\STM32F4xx_HAL_Driver\Src\stm32f4xx_hal_i2s.o
 *fill*         0x080035d2        0x2 
 .text.HAL_I2SEx_FullDuplex_IRQHandler
                0x080035d4      0x2a8 Drivers\STM32F4xx_HAL_Driver\Src\stm32f4xx_hal_i2s_ex.o
                0x080035d4                HAL_I2SEx_FullDuplex_IRQHandler
 .text.HAL_I2SEx_TxRxCpltCallback
                0x0800387c       0x14 Drivers\STM32F4xx_HAL_Driver\Src\stm32f4xx_hal_i2s_ex.o
                0x0800387c                HAL_I2SEx_TxRxCpltCallback
 .text.I2SEx_TxISR_I2S
                0x08003890       0x62 Drivers\STM32F4xx_HAL_Driver\Src\stm32f4xx_hal_i2s_ex.o
 *fill*         0x080038f2        0x2 
 .text.I2SEx_TxISR_I2SExt
                0x080038f4       0x94 Drivers\STM32F4xx_HAL_Driver\Src\stm32f4xx_hal_i2s_ex.o
 .text.I2SEx_RxISR_I2S
                0x08003988       0x64 Drivers\STM32F4xx_HAL_Driver\Src\stm32f4xx_hal_i2s_ex.o
 .text.I2SEx_RxISR_I2SExt
                0x080039ec       0x98 Drivers\STM32F4xx_HAL_Driver\Src\stm32f4xx_hal_i2s_ex.o
 .text.HAL_RCC_OscConfig
                0x08003a84      0x4f0 Drivers\STM32F4xx_HAL_Driver\Src\stm32f4xx_hal_rcc.o
                0x08003a84                HAL_RCC_OscConfig
 .text.HAL_RCC_ClockConfig
                0x08003f74      0x1cc Drivers\STM32F4xx_HAL_Driver\Src\stm32f4xx_hal_rcc.o
                0x08003f74                HAL_RCC_ClockConfig
 .text.HAL_RCC_GetSysClockFreq
                0x08004140      0x1b0 Drivers\STM32F4xx_HAL_Driver\Src\stm32f4xx_hal_rcc.o
                0x08004140                HAL_RCC_GetSysClockFreq
 .text.HAL_RCC_GetHCLKFreq
                0x080042f0       0x18 Drivers\STM32F4xx_HAL_Driver\Src\stm32f4xx_hal_rcc.o
                0x080042f0                HAL_RCC_GetHCLKFreq
 .text.HAL_RCC_GetPCLK1Freq
                0x08004308       0x28 Drivers\STM32F4xx_HAL_Driver\Src\stm32f4xx_hal_rcc.o
                0x08004308                HAL_RCC_GetPCLK1Freq
 .text.HAL_RCCEx_PeriphCLKConfig
                0x08004330      0x1c4 Drivers\STM32F4xx_HAL_Driver\Src\stm32f4xx_hal_rcc_ex.o
                0x08004330                HAL_RCCEx_PeriphCLKConfig
 .text.HAL_RCCEx_GetPeriphCLKFreq
                0x080044f4       0xb8 Drivers\STM32F4xx_HAL_Driver\Src\stm32f4xx_hal_rcc_ex.o
                0x080044f4                HAL_RCCEx_GetPeriphCLKFreq
 .text.HAL_SPI_Init
                0x080045ac      0x110 Drivers\STM32F4xx_HAL_Driver\Src\stm32f4xx_hal_spi.o
                0x080045ac                HAL_SPI_Init
 .text.USB_CoreInit
                0x080046bc       0xc2 Drivers\STM32F4xx_HAL_Driver\Src\stm32f4xx_ll_usb.o
                0x080046bc                USB_CoreInit
 .text.USB_EnableGlobalInt
                0x0800477e       0x22 Drivers\STM32F4xx_HAL_Driver\Src\stm32f4xx_ll_usb.o
                0x0800477e                USB_EnableGlobalInt
 .text.USB_DisableGlobalInt
                0x080047a0       0x22 Drivers\STM32F4xx_HAL_Driver\Src\stm32f4xx_ll_usb.o
                0x080047a0                USB_DisableGlobalInt
 .text.USB_SetCurrentMode
                0x080047c2       0x54 Drivers\STM32F4xx_HAL_Driver\Src\stm32f4xx_ll_usb.o
                0x080047c2                USB_SetCurrentMode
 *fill*         0x08004816        0x2 
 .text.USB_FlushTxFifo
                0x08004818       0x4c Drivers\STM32F4xx_HAL_Driver\Src\stm32f4xx_ll_usb.o
                0x08004818                USB_FlushTxFifo
 .text.USB_FlushRxFifo
                0x08004864       0x44 Drivers\STM32F4xx_HAL_Driver\Src\stm32f4xx_ll_usb.o
                0x08004864                USB_FlushRxFifo
 .text.USB_WritePacket
                0x080048a8       0x6a Drivers\STM32F4xx_HAL_Driver\Src\stm32f4xx_ll_usb.o
                0x080048a8                USB_WritePacket
 .text.USB_ReadPacket
                0x08004912       0x52 Drivers\STM32F4xx_HAL_Driver\Src\stm32f4xx_ll_usb.o
                0x08004912                USB_ReadPacket
 .text.USB_ReadInterrupts
                0x08004964       0x26 Drivers\STM32F4xx_HAL_Driver\Src\stm32f4xx_ll_usb.o
                0x08004964                USB_ReadInterrupts
 .text.USB_GetMode
                0x0800498a       0x1c Drivers\STM32F4xx_HAL_Driver\Src\stm32f4xx_ll_usb.o
                0x0800498a                USB_GetMode
 *fill*         0x080049a6        0x2 
 .text.USB_CoreReset
                0x080049a8       0x68 Drivers\STM32F4xx_HAL_Driver\Src\stm32f4xx_ll_usb.o
 .text.USB_HostInit
                0x08004a10      0x17c Drivers\STM32F4xx_HAL_Driver\Src\stm32f4xx_ll_usb.o
                0x08004a10                USB_HostInit
 .text.USB_InitFSLSPClkSel
                0x08004b8c       0x78 Drivers\STM32F4xx_HAL_Driver\Src\stm32f4xx_ll_usb.o
                0x08004b8c                USB_InitFSLSPClkSel
 .text.USB_ResetPort
                0x08004c04       0x58 Drivers\STM32F4xx_HAL_Driver\Src\stm32f4xx_ll_usb.o
                0x08004c04                USB_ResetPort
 .text.USB_DriveVbus
                0x08004c5c       0x76 Drivers\STM32F4xx_HAL_Driver\Src\stm32f4xx_ll_usb.o
                0x08004c5c                USB_DriveVbus
 .text.USB_GetHostSpeed
                0x08004cd2       0x2e Drivers\STM32F4xx_HAL_Driver\Src\stm32f4xx_ll_usb.o
                0x08004cd2                USB_GetHostSpeed
 .text.USB_GetCurrentFrame
                0x08004d00       0x22 Drivers\STM32F4xx_HAL_Driver\Src\stm32f4xx_ll_usb.o
                0x08004d00                USB_GetCurrentFrame
 *fill*         0x08004d22        0x2 
 .text.USB_HC_Init
                0x08004d24      0x22c Drivers\STM32F4xx_HAL_Driver\Src\stm32f4xx_ll_usb.o
                0x08004d24                USB_HC_Init
 .text.USB_HC_StartXfer
                0x08004f50      0x290 Drivers\STM32F4xx_HAL_Driver\Src\stm32f4xx_ll_usb.o
                0x08004f50                USB_HC_StartXfer
 .text.USB_HC_ReadInterrupt
                0x080051e0       0x22 Drivers\STM32F4xx_HAL_Driver\Src\stm32f4xx_ll_usb.o
                0x080051e0                USB_HC_ReadInterrupt
 .text.USB_HC_Halt
                0x08005202      0x24c Drivers\STM32F4xx_HAL_Driver\Src\stm32f4xx_ll_usb.o
                0x08005202                USB_HC_Halt
 *fill*         0x0800544e        0x2 
 .text.USB_DoPing
                0x08005450       0x78 Drivers\STM32F4xx_HAL_Driver\Src\stm32f4xx_ll_usb.o
                0x08005450                USB_DoPing
 .text.USB_StopHost
                0x080054c8      0x10c Drivers\STM32F4xx_HAL_Driver\Src\stm32f4xx_ll_usb.o
                0x080054c8                USB_StopHost
 .text.USBH_CDC_InterfaceInit
                0x080055d4      0x2ac Middlewares\ST\STM32_USB_Host_Library\Class\CDC\Src\usbh_cdc.o
 .text.USBH_CDC_InterfaceDeInit
                0x08005880       0xb2 Middlewares\ST\STM32_USB_Host_Library\Class\CDC\Src\usbh_cdc.o
 .text.USBH_CDC_ClassRequest
                0x08005932       0x3e Middlewares\ST\STM32_USB_Host_Library\Class\CDC\Src\usbh_cdc.o
 .text.USBH_CDC_Process
                0x08005970      0x12c Middlewares\ST\STM32_USB_Host_Library\Class\CDC\Src\usbh_cdc.o
 .text.USBH_CDC_SOFProcess
                0x08005a9c       0x16 Middlewares\ST\STM32_USB_Host_Library\Class\CDC\Src\usbh_cdc.o
 .text.GetLineCoding
                0x08005ab2       0x3e Middlewares\ST\STM32_USB_Host_Library\Class\CDC\Src\usbh_cdc.o
 .text.SetLineCoding
                0x08005af0       0x3e Middlewares\ST\STM32_USB_Host_Library\Class\CDC\Src\usbh_cdc.o
 .text.CDC_ProcessTransmission
                0x08005b2e       0xf0 Middlewares\ST\STM32_USB_Host_Library\Class\CDC\Src\usbh_cdc.o
 .text.CDC_ProcessReception
                0x08005c1e       0xb6 Middlewares\ST\STM32_USB_Host_Library\Class\CDC\Src\usbh_cdc.o
 .text.USBH_CDC_TransmitCallback
                0x08005cd4       0x14 Middlewares\ST\STM32_USB_Host_Library\Class\CDC\Src\usbh_cdc.o
                0x08005cd4                USBH_CDC_TransmitCallback
 .text.USBH_CDC_ReceiveCallback
                0x08005ce8       0x14 Middlewares\ST\STM32_USB_Host_Library\Class\CDC\Src\usbh_cdc.o
                0x08005ce8                USBH_CDC_ReceiveCallback
 .text.USBH_CDC_LineCodingChanged
                0x08005cfc       0x14 Middlewares\ST\STM32_USB_Host_Library\Class\CDC\Src\usbh_cdc.o
                0x08005cfc                USBH_CDC_LineCodingChanged
 .text.USBH_Init
                0x08005d10       0x74 Middlewares\ST\STM32_USB_Host_Library\Core\Src\usbh_core.o
                0x08005d10                USBH_Init
 .text.DeInitStateMachine
                0x08005d84       0xa8 Middlewares\ST\STM32_USB_Host_Library\Core\Src\usbh_core.o
 .text.USBH_RegisterClass
                0x08005e2c       0x54 Middlewares\ST\STM32_USB_Host_Library\Core\Src\usbh_core.o
                0x08005e2c                USBH_RegisterClass
 .text.USBH_SelectInterface
                0x08005e80       0x38 Middlewares\ST\STM32_USB_Host_Library\Core\Src\usbh_core.o
                0x08005e80                USBH_SelectInterface
 .text.USBH_FindInterface
                0x08005eb8       0x8c Middlewares\ST\STM32_USB_Host_Library\Core\Src\usbh_core.o
                0x08005eb8                USBH_FindInterface
 .text.USBH_Start
                0x08005f44       0x20 Middlewares\ST\STM32_USB_Host_Library\Core\Src\usbh_core.o
                0x08005f44                USBH_Start
 .text.USBH_Process
                0x08005f64      0x3c0 Middlewares\ST\STM32_USB_Host_Library\Core\Src\usbh_core.o
                0x08005f64                USBH_Process
 .text.USBH_HandleEnum
                0x08006324      0x3c8 Middlewares\ST\STM32_USB_Host_Library\Core\Src\usbh_core.o
 .text.USBH_LL_SetTimer
                0x080066ec       0x1e Middlewares\ST\STM32_USB_Host_Library\Core\Src\usbh_core.o
                0x080066ec                USBH_LL_SetTimer
 .text.USBH_LL_IncTimer
                0x0800670a       0x24 Middlewares\ST\STM32_USB_Host_Library\Core\Src\usbh_core.o
                0x0800670a                USBH_LL_IncTimer
 .text.USBH_HandleSof
                0x0800672e       0x30 Middlewares\ST\STM32_USB_Host_Library\Core\Src\usbh_core.o
 .text.USBH_LL_PortEnabled
                0x0800675e       0x1c Middlewares\ST\STM32_USB_Host_Library\Core\Src\usbh_core.o
                0x0800675e                USBH_LL_PortEnabled
 .text.USBH_LL_PortDisabled
                0x0800677a       0x1c Middlewares\ST\STM32_USB_Host_Library\Core\Src\usbh_core.o
                0x0800677a                USBH_LL_PortDisabled
 .text.USBH_LL_Connect
                0x08006796       0x2e Middlewares\ST\STM32_USB_Host_Library\Core\Src\usbh_core.o
                0x08006796                USBH_LL_Connect
 .text.USBH_LL_Disconnect
                0x080067c4       0x48 Middlewares\ST\STM32_USB_Host_Library\Core\Src\usbh_core.o
                0x080067c4                USBH_LL_Disconnect
 .text.USBH_Get_DevDesc
                0x0800680c       0x50 Middlewares\ST\STM32_USB_Host_Library\Core\Src\usbh_ctlreq.o
                0x0800680c                USBH_Get_DevDesc
 .text.USBH_Get_CfgDesc
                0x0800685c       0x48 Middlewares\ST\STM32_USB_Host_Library\Core\Src\usbh_ctlreq.o
                0x0800685c                USBH_Get_CfgDesc
 .text.USBH_Get_StringDesc
                0x080068a4       0x56 Middlewares\ST\STM32_USB_Host_Library\Core\Src\usbh_ctlreq.o
                0x080068a4                USBH_Get_StringDesc
 .text.USBH_GetDescriptor
                0x080068fa       0x6a Middlewares\ST\STM32_USB_Host_Library\Core\Src\usbh_ctlreq.o
                0x080068fa                USBH_GetDescriptor
 .text.USBH_SetAddress
                0x08006964       0x48 Middlewares\ST\STM32_USB_Host_Library\Core\Src\usbh_ctlreq.o
                0x08006964                USBH_SetAddress
 .text.USBH_SetCfg
                0x080069ac       0x46 Middlewares\ST\STM32_USB_Host_Library\Core\Src\usbh_ctlreq.o
                0x080069ac                USBH_SetCfg
 .text.USBH_SetFeature
                0x080069f2       0x48 Middlewares\ST\STM32_USB_Host_Library\Core\Src\usbh_ctlreq.o
                0x080069f2                USBH_SetFeature
 .text.USBH_ClrFeature
                0x08006a3a       0x48 Middlewares\ST\STM32_USB_Host_Library\Core\Src\usbh_ctlreq.o
                0x08006a3a                USBH_ClrFeature
 .text.USBH_ParseDevDesc
                0x08006a82       0xe0 Middlewares\ST\STM32_USB_Host_Library\Core\Src\usbh_ctlreq.o
 .text.USBH_ParseCfgDesc
                0x08006b62      0x144 Middlewares\ST\STM32_USB_Host_Library\Core\Src\usbh_ctlreq.o
 .text.USBH_ParseInterfaceDesc
                0x08006ca6       0x5e Middlewares\ST\STM32_USB_Host_Library\Core\Src\usbh_ctlreq.o
 .text.USBH_ParseEPDesc
                0x08006d04       0x5a Middlewares\ST\STM32_USB_Host_Library\Core\Src\usbh_ctlreq.o
 .text.USBH_ParseStringDesc
                0x08006d5e       0x66 Middlewares\ST\STM32_USB_Host_Library\Core\Src\usbh_ctlreq.o
 .text.USBH_GetNextDesc
                0x08006dc4       0x36 Middlewares\ST\STM32_USB_Host_Library\Core\Src\usbh_ctlreq.o
                0x08006dc4                USBH_GetNextDesc
 .text.USBH_CtlReq
                0x08006dfa       0x7a Middlewares\ST\STM32_USB_Host_Library\Core\Src\usbh_ctlreq.o
                0x08006dfa                USBH_CtlReq
 .text.USBH_HandleControl
                0x08006e74      0x2ec Middlewares\ST\STM32_USB_Host_Library\Core\Src\usbh_ctlreq.o
 .text.USBH_CtlSendSetup
                0x08007160       0x34 Middlewares\ST\STM32_USB_Host_Library\Core\Src\usbh_ioreq.o
                0x08007160                USBH_CtlSendSetup
 .text.USBH_CtlSendData
                0x08007194       0x4a Middlewares\ST\STM32_USB_Host_Library\Core\Src\usbh_ioreq.o
                0x08007194                USBH_CtlSendData
 .text.USBH_CtlReceiveData
                0x080071de       0x3c Middlewares\ST\STM32_USB_Host_Library\Core\Src\usbh_ioreq.o
                0x080071de                USBH_CtlReceiveData
 .text.USBH_BulkSendData
                0x0800721a       0x4a Middlewares\ST\STM32_USB_Host_Library\Core\Src\usbh_ioreq.o
                0x0800721a                USBH_BulkSendData
 .text.USBH_BulkReceiveData
                0x08007264       0x3c Middlewares\ST\STM32_USB_Host_Library\Core\Src\usbh_ioreq.o
                0x08007264                USBH_BulkReceiveData
 .text.USBH_OpenPipe
                0x080072a0       0x3e Middlewares\ST\STM32_USB_Host_Library\Core\Src\usbh_pipes.o
                0x080072a0                USBH_OpenPipe
 .text.USBH_ClosePipe
                0x080072de       0x20 Middlewares\ST\STM32_USB_Host_Library\Core\Src\usbh_pipes.o
                0x080072de                USBH_ClosePipe
 .text.USBH_AllocPipe
                0x080072fe       0x42 Middlewares\ST\STM32_USB_Host_Library\Core\Src\usbh_pipes.o
                0x080072fe                USBH_AllocPipe
 .text.USBH_FreePipe
                0x08007340       0x3e Middlewares\ST\STM32_USB_Host_Library\Core\Src\usbh_pipes.o
                0x08007340                USBH_FreePipe
 .text.USBH_GetFreePipe
                0x0800737e       0x48 Middlewares\ST\STM32_USB_Host_Library\Core\Src\usbh_pipes.o
 *fill*         0x080073c6        0x2 
 .text.MX_USB_HOST_Init
                0x080073c8       0x4c USB_HOST\App\usb_host.o
                0x080073c8                MX_USB_HOST_Init
 .text.MX_USB_HOST_Process
                0x08007414       0x14 USB_HOST\App\usb_host.o
                0x08007414                MX_USB_HOST_Process
 .text.USBH_UserProcess
                0x08007428       0x5c USB_HOST\App\usb_host.o
 .text.HAL_HCD_MspInit
                0x08007484       0xc4 USB_HOST\Target\usbh_conf.o
                0x08007484                HAL_HCD_MspInit
 .text.HAL_HCD_SOF_Callback
                0x08007548       0x1c USB_HOST\Target\usbh_conf.o
                0x08007548                HAL_HCD_SOF_Callback
 .text.HAL_HCD_Connect_Callback
                0x08007564       0x1c USB_HOST\Target\usbh_conf.o
                0x08007564                HAL_HCD_Connect_Callback
 .text.HAL_HCD_Disconnect_Callback
                0x08007580       0x1c USB_HOST\Target\usbh_conf.o
                0x08007580                HAL_HCD_Disconnect_Callback
 .text.HAL_HCD_HC_NotifyURBChange_Callback
                0x0800759c       0x1c USB_HOST\Target\usbh_conf.o
                0x0800759c                HAL_HCD_HC_NotifyURBChange_Callback
 .text.HAL_HCD_PortEnabled_Callback
                0x080075b8       0x1c USB_HOST\Target\usbh_conf.o
                0x080075b8                HAL_HCD_PortEnabled_Callback
 .text.HAL_HCD_PortDisabled_Callback
                0x080075d4       0x1c USB_HOST\Target\usbh_conf.o
                0x080075d4                HAL_HCD_PortDisabled_Callback
 .text.USBH_LL_Init
                0x080075f0       0x78 USB_HOST\Target\usbh_conf.o
                0x080075f0                USBH_LL_Init
 .text.USBH_LL_Start
                0x08007668       0x36 USB_HOST\Target\usbh_conf.o
                0x08007668                USBH_LL_Start
 .text.USBH_LL_Stop
                0x0800769e       0x36 USB_HOST\Target\usbh_conf.o
                0x0800769e                USBH_LL_Stop
 .text.USBH_LL_GetSpeed
                0x080076d4       0x4a USB_HOST\Target\usbh_conf.o
                0x080076d4                USBH_LL_GetSpeed
 .text.USBH_LL_ResetPort
                0x0800771e       0x36 USB_HOST\Target\usbh_conf.o
                0x0800771e                USBH_LL_ResetPort
 .text.USBH_LL_GetLastXferSize
                0x08007754       0x26 USB_HOST\Target\usbh_conf.o
                0x08007754                USBH_LL_GetLastXferSize
 .text.USBH_LL_OpenPipe
                0x0800777a       0x5e USB_HOST\Target\usbh_conf.o
                0x0800777a                USBH_LL_OpenPipe
 .text.USBH_LL_ClosePipe
                0x080077d8       0x3e USB_HOST\Target\usbh_conf.o
                0x080077d8                USBH_LL_ClosePipe
 .text.USBH_LL_SubmitURB
                0x08007816       0x62 USB_HOST\Target\usbh_conf.o
                0x08007816                USBH_LL_SubmitURB
 .text.USBH_LL_GetURBState
                0x08007878       0x26 USB_HOST\Target\usbh_conf.o
                0x08007878                USBH_LL_GetURBState
 .text.USBH_LL_DriverVBUS
                0x0800789e       0x2e USB_HOST\Target\usbh_conf.o
                0x0800789e                USBH_LL_DriverVBUS
 .text.USBH_LL_SetToggle
                0x080078cc       0x60 USB_HOST\Target\usbh_conf.o
                0x080078cc                USBH_LL_SetToggle
 .text.USBH_Delay
                0x0800792c       0x16 USB_HOST\Target\usbh_conf.o
                0x0800792c                USBH_Delay
 *fill*         0x08007942        0x2 
 .text.USBH_Get_USB_Status
                0x08007944       0x58 USB_HOST\Target\usbh_conf.o
                0x08007944                USBH_Get_USB_Status
 .text.MX_DriverVbusFS
                0x0800799c       0x38 USB_HOST\Target\usbh_platform.o
                0x0800799c                MX_DriverVbusFS
 .text.Reset_Handler
                0x080079d4       0x50 startup\startup_stm32f407xx.o
                0x080079d4                Reset_Handler
 .text.Default_Handler
                0x08007a24        0x2 startup\startup_stm32f407xx.o
                0x08007a24                RTC_Alarm_IRQHandler
                0x08007a24                HASH_RNG_IRQHandler
                0x08007a24                EXTI2_IRQHandler
                0x08007a24                TIM8_CC_IRQHandler
                0x08007a24                TIM1_CC_IRQHandler
                0x08007a24                DMA2_Stream5_IRQHandler
                0x08007a24                DMA1_Stream5_IRQHandler
                0x08007a24                PVD_IRQHandler
                0x08007a24                SDIO_IRQHandler
                0x08007a24                TAMP_STAMP_IRQHandler
                0x08007a24                CAN2_RX1_IRQHandler
                0x08007a24                EXTI3_IRQHandler
                0x08007a24                TIM8_TRG_COM_TIM14_IRQHandler
                0x08007a24                TIM1_UP_TIM10_IRQHandler
                0x08007a24                TIM8_UP_TIM13_IRQHandler
                0x08007a24                I2C3_ER_IRQHandler
                0x08007a24                EXTI0_IRQHandler
                0x08007a24                I2C2_EV_IRQHandler
                0x08007a24                DMA1_Stream2_IRQHandler
                0x08007a24                CAN1_RX0_IRQHandler
                0x08007a24                FPU_IRQHandler
                0x08007a24                OTG_HS_WKUP_IRQHandler
                0x08007a24                CAN2_SCE_IRQHandler
                0x08007a24                DMA2_Stream2_IRQHandler
                0x08007a24                SPI1_IRQHandler
                0x08007a24                TIM6_DAC_IRQHandler
                0x08007a24                TIM1_BRK_TIM9_IRQHandler
                0x08007a24                DCMI_IRQHandler
                0x08007a24                CAN2_RX0_IRQHandler
                0x08007a24                DMA2_Stream3_IRQHandler
                0x08007a24                USART6_IRQHandler
                0x08007a24                USART3_IRQHandler
                0x08007a24                CAN1_RX1_IRQHandler
                0x08007a24                UART5_IRQHandler
                0x08007a24                DMA2_Stream0_IRQHandler
                0x08007a24                TIM4_IRQHandler
                0x08007a24                I2C1_EV_IRQHandler
                0x08007a24                DMA1_Stream6_IRQHandler
                0x08007a24                DMA1_Stream1_IRQHandler
                0x08007a24                UART4_IRQHandler
                0x08007a24                TIM3_IRQHandler
                0x08007a24                RCC_IRQHandler
                0x08007a24                TIM8_BRK_TIM12_IRQHandler
                0x08007a24                Default_Handler
                0x08007a24                EXTI15_10_IRQHandler
                0x08007a24                ADC_IRQHandler
                0x08007a24                DMA1_Stream7_IRQHandler
                0x08007a24                TIM7_IRQHandler
                0x08007a24                CAN2_TX_IRQHandler
                0x08007a24                TIM5_IRQHandler
                0x08007a24                DMA2_Stream7_IRQHandler
                0x08007a24                I2C3_EV_IRQHandler
                0x08007a24                EXTI9_5_IRQHandler
                0x08007a24                RTC_WKUP_IRQHandler
                0x08007a24                ETH_WKUP_IRQHandler
                0x08007a24                SPI2_IRQHandler
                0x08007a24                OTG_HS_EP1_IN_IRQHandler
                0x08007a24                DMA1_Stream0_IRQHandler
                0x08007a24                CAN1_TX_IRQHandler
                0x08007a24                EXTI4_IRQHandler
                0x08007a24                FSMC_IRQHandler
                0x08007a24                ETH_IRQHandler
                0x08007a24                OTG_HS_EP1_OUT_IRQHandler
                0x08007a24                WWDG_IRQHandler
                0x08007a24                TIM2_IRQHandler
                0x08007a24                OTG_FS_WKUP_IRQHandler
                0x08007a24                TIM1_TRG_COM_TIM11_IRQHandler
                0x08007a24                OTG_HS_IRQHandler
                0x08007a24                EXTI1_IRQHandler
                0x08007a24                USART2_IRQHandler
                0x08007a24                I2C2_ER_IRQHandler
                0x08007a24                DMA2_Stream1_IRQHandler
                0x08007a24                CAN1_SCE_IRQHandler
                0x08007a24                FLASH_IRQHandler
                0x08007a24                DMA2_Stream4_IRQHandler
                0x08007a24                USART1_IRQHandler
                0x08007a24                SPI3_IRQHandler
                0x08007a24                DMA1_Stream4_IRQHandler
                0x08007a24                I2C1_ER_IRQHandler
                0x08007a24                DMA2_Stream6_IRQHandler
                0x08007a24                DMA1_Stream3_IRQHandler
 *fill*         0x08007a26        0x2 
 .text.__errno  0x08007a28        0xc c:/program files (x86)/atollic/truestudio for stm32 9.3.0/armtools/bin/../lib/gcc/arm-atollic-eabi/6.3.1/../../../../arm-atollic-eabi/lib/armv7e-m/fpu\libc_nano.a(lib_a-errno.o)
                0x08007a28                __errno
 .text.__libc_init_array
                0x08007a34       0x48 c:/program files (x86)/atollic/truestudio for stm32 9.3.0/armtools/bin/../lib/gcc/arm-atollic-eabi/6.3.1/../../../../arm-atollic-eabi/lib/armv7e-m/fpu\libc_nano.a(lib_a-init.o)
                0x08007a34                __libc_init_array
 .text.malloc   0x08007a7c       0x10 c:/program files (x86)/atollic/truestudio for stm32 9.3.0/armtools/bin/../lib/gcc/arm-atollic-eabi/6.3.1/../../../../arm-atollic-eabi/lib/armv7e-m/fpu\libc_nano.a(lib_a-malloc.o)
                0x08007a7c                malloc
 .text.free     0x08007a8c       0x10 c:/program files (x86)/atollic/truestudio for stm32 9.3.0/armtools/bin/../lib/gcc/arm-atollic-eabi/6.3.1/../../../../arm-atollic-eabi/lib/armv7e-m/fpu\libc_nano.a(lib_a-malloc.o)
                0x08007a8c                free
 .text.memset   0x08007a9c       0x10 c:/program files (x86)/atollic/truestudio for stm32 9.3.0/armtools/bin/../lib/gcc/arm-atollic-eabi/6.3.1/../../../../arm-atollic-eabi/lib/armv7e-m/fpu\libc_nano.a(lib_a-memset.o)
                0x08007a9c                memset
 .text._free_r  0x08007aac       0x9c c:/program files (x86)/atollic/truestudio for stm32 9.3.0/armtools/bin/../lib/gcc/arm-atollic-eabi/6.3.1/../../../../arm-atollic-eabi/lib/armv7e-m/fpu\libc_nano.a(lib_a-nano-freer.o)
                0x08007aac                _free_r
 .text._malloc_r
                0x08007b48       0xbc c:/program files (x86)/atollic/truestudio for stm32 9.3.0/armtools/bin/../lib/gcc/arm-atollic-eabi/6.3.1/../../../../arm-atollic-eabi/lib/armv7e-m/fpu\libc_nano.a(lib_a-nano-mallocr.o)
                0x08007b48                _malloc_r
 .text._sbrk_r  0x08007c04       0x20 c:/program files (x86)/atollic/truestudio for stm32 9.3.0/armtools/bin/../lib/gcc/arm-atollic-eabi/6.3.1/../../../../arm-atollic-eabi/lib/armv7e-m/fpu\libc_nano.a(lib_a-sbrkr.o)
                0x08007c04                _sbrk_r
 .text.__malloc_lock
                0x08007c24        0x2 c:/program files (x86)/atollic/truestudio for stm32 9.3.0/armtools/bin/../lib/gcc/arm-atollic-eabi/6.3.1/../../../../arm-atollic-eabi/lib/armv7e-m/fpu\libc_nano.a(lib_a-mlock.o)
                0x08007c24                __malloc_lock
 .text.__malloc_unlock
                0x08007c26        0x2 c:/program files (x86)/atollic/truestudio for stm32 9.3.0/armtools/bin/../lib/gcc/arm-atollic-eabi/6.3.1/../../../../arm-atollic-eabi/lib/armv7e-m/fpu\libc_nano.a(lib_a-mlock.o)
                0x08007c26                __malloc_unlock
 *(.glue_7)
 .glue_7        0x08007c28        0x0 linker stubs
 *(.glue_7t)
 .glue_7t       0x08007c28        0x0 linker stubs
 *(.eh_frame)
 .eh_frame      0x08007c28        0x0 c:/program files (x86)/atollic/truestudio for stm32 9.3.0/armtools/bin/../lib/gcc/arm-atollic-eabi/6.3.1/armv7e-m/fpu/crtbegin.o
 *(.init)
 .init          0x08007c28        0x4 c:/program files (x86)/atollic/truestudio for stm32 9.3.0/armtools/bin/../lib/gcc/arm-atollic-eabi/6.3.1/armv7e-m/fpu/crti.o
                0x08007c28                _init
 .init          0x08007c2c        0x8 c:/program files (x86)/atollic/truestudio for stm32 9.3.0/armtools/bin/../lib/gcc/arm-atollic-eabi/6.3.1/armv7e-m/fpu/crtn.o
 *(.fini)
 .fini          0x08007c34        0x4 c:/program files (x86)/atollic/truestudio for stm32 9.3.0/armtools/bin/../lib/gcc/arm-atollic-eabi/6.3.1/armv7e-m/fpu/crti.o
                0x08007c34                _fini
 .fini          0x08007c38        0x8 c:/program files (x86)/atollic/truestudio for stm32 9.3.0/armtools/bin/../lib/gcc/arm-atollic-eabi/6.3.1/armv7e-m/fpu/crtn.o
                0x08007c40                . = ALIGN (0x4)
                0x08007c40                _etext = .

.vfp11_veneer   0x08007c40        0x0
 .vfp11_veneer  0x08007c40        0x0 linker stubs

.v4_bx          0x08007c40        0x0
 .v4_bx         0x08007c40        0x0 linker stubs

.iplt           0x08007c40        0x0
 .iplt          0x08007c40        0x0 c:/program files (x86)/atollic/truestudio for stm32 9.3.0/armtools/bin/../lib/gcc/arm-atollic-eabi/6.3.1/armv7e-m/fpu/crtbegin.o

.rodata         0x08007c40       0x1c
                0x08007c40                . = ALIGN (0x4)
 *(.rodata)
 .rodata        0x08007c40        0x4 Middlewares\ST\STM32_USB_Host_Library\Class\CDC\Src\usbh_cdc.o
 *(.rodata*)
 .rodata.AHBPrescTable
                0x08007c44       0x10 Core\Src\system_stm32f4xx.o
                0x08007c44                AHBPrescTable
 .rodata.APBPrescTable
                0x08007c54        0x8 Core\Src\system_stm32f4xx.o
                0x08007c54                APBPrescTable
                0x08007c5c                . = ALIGN (0x4)

.ARM.extab
 *(.ARM.extab* .gnu.linkonce.armextab.*)

.ARM            0x08007c5c        0x8
                0x08007c5c                __exidx_start = .
 *(.ARM.exidx*)
 .ARM.exidx     0x08007c5c        0x8 c:/program files (x86)/atollic/truestudio for stm32 9.3.0/armtools/bin/../lib/gcc/arm-atollic-eabi/6.3.1/armv7e-m/fpu\libgcc.a(_udivmoddi4.o)
                0x08007c64                __exidx_end = .

.rel.dyn        0x08007c64        0x0
 .rel.iplt      0x08007c64        0x0 c:/program files (x86)/atollic/truestudio for stm32 9.3.0/armtools/bin/../lib/gcc/arm-atollic-eabi/6.3.1/armv7e-m/fpu/crtbegin.o

.preinit_array  0x08007c64        0x0
                0x08007c64                PROVIDE (__preinit_array_start, .)
 *(.preinit_array*)
                0x08007c64                PROVIDE (__preinit_array_end, .)

.init_array     0x08007c64        0x4
                0x08007c64                PROVIDE (__init_array_start, .)
 *(SORT(.init_array.*))
 *(.init_array*)
 .init_array    0x08007c64        0x4 c:/program files (x86)/atollic/truestudio for stm32 9.3.0/armtools/bin/../lib/gcc/arm-atollic-eabi/6.3.1/armv7e-m/fpu/crtbegin.o
                0x08007c68                PROVIDE (__init_array_end, .)

.fini_array     0x08007c68        0x4
                [!provide]                PROVIDE (__fini_array_start, .)
 *(SORT(.fini_array.*))
 *(.fini_array*)
 .fini_array    0x08007c68        0x4 c:/program files (x86)/atollic/truestudio for stm32 9.3.0/armtools/bin/../lib/gcc/arm-atollic-eabi/6.3.1/armv7e-m/fpu/crtbegin.o
                [!provide]                PROVIDE (__fini_array_end, .)
                0x08007c6c                _sidata = LOADADDR (.data)

.data           0x20000000       0x90 load address 0x08007c6c
                0x20000000                . = ALIGN (0x4)
                0x20000000                _sdata = .
 *(.data)
 *(.data*)
 .data.SystemCoreClock
                0x20000000        0x4 Core\Src\system_stm32f4xx.o
                0x20000000                SystemCoreClock
 .data.uwTickPrio
                0x20000004        0x4 Drivers\STM32F4xx_HAL_Driver\Src\stm32f4xx_hal.o
                0x20000004                uwTickPrio
 .data.uwTickFreq
                0x20000008        0x1 Drivers\STM32F4xx_HAL_Driver\Src\stm32f4xx_hal.o
                0x20000008                uwTickFreq
 *fill*         0x20000009        0x3 
 .data.CDC_Class
                0x2000000c       0x20 Middlewares\ST\STM32_USB_Host_Library\Class\CDC\Src\usbh_cdc.o
                0x2000000c                CDC_Class
 .data._impure_ptr
                0x2000002c        0x4 c:/program files (x86)/atollic/truestudio for stm32 9.3.0/armtools/bin/../lib/gcc/arm-atollic-eabi/6.3.1/../../../../arm-atollic-eabi/lib/armv7e-m/fpu\libc_nano.a(lib_a-impure.o)
                0x2000002c                _impure_ptr
 .data.impure_data
                0x20000030       0x60 c:/program files (x86)/atollic/truestudio for stm32 9.3.0/armtools/bin/../lib/gcc/arm-atollic-eabi/6.3.1/../../../../arm-atollic-eabi/lib/armv7e-m/fpu\libc_nano.a(lib_a-impure.o)
                0x20000090                . = ALIGN (0x4)
                0x20000090                _edata = .
                0x08007cfc                _siccmram = LOADADDR (.ccmram)

.igot.plt       0x20000090        0x0 load address 0x08007cfc
 .igot.plt      0x20000090        0x0 c:/program files (x86)/atollic/truestudio for stm32 9.3.0/armtools/bin/../lib/gcc/arm-atollic-eabi/6.3.1/armv7e-m/fpu/crtbegin.o

.ccmram         0x10000000        0x0 load address 0x08007cfc
                0x10000000                . = ALIGN (0x4)
                0x10000000                _sccmram = .
 *(.ccmram)
 *(.ccmram*)
                0x10000000                . = ALIGN (0x4)
                0x10000000                _eccmram = .
                0x10000000                . = ALIGN (0x4)

.bss            0x20000090      0x804
                0x20000090                _sbss = .
                0x20000090                __bss_start__ = _sbss
 *(.bss)
 .bss           0x20000090       0x1c c:/program files (x86)/atollic/truestudio for stm32 9.3.0/armtools/bin/../lib/gcc/arm-atollic-eabi/6.3.1/armv7e-m/fpu/crtbegin.o
 *(.bss*)
 .bss.heap_end.7010
                0x200000ac        0x4 Core\Src\syscalls.o
 .bss.Appli_state
                0x200000b0        0x1 USB_HOST\App\usb_host.o
                0x200000b0                Appli_state
 *fill*         0x200000b1        0x3 
 .bss.__malloc_free_list
                0x200000b4        0x4 c:/program files (x86)/atollic/truestudio for stm32 9.3.0/armtools/bin/../lib/gcc/arm-atollic-eabi/6.3.1/../../../../arm-atollic-eabi/lib/armv7e-m/fpu\libc_nano.a(lib_a-nano-mallocr.o)
                0x200000b4                __malloc_free_list
 .bss.__malloc_sbrk_start
                0x200000b8        0x4 c:/program files (x86)/atollic/truestudio for stm32 9.3.0/armtools/bin/../lib/gcc/arm-atollic-eabi/6.3.1/../../../../arm-atollic-eabi/lib/armv7e-m/fpu\libc_nano.a(lib_a-nano-mallocr.o)
                0x200000b8                __malloc_sbrk_start
 *(COMMON)
 COMMON         0x200000bc       0x54 Core\Src\i2c.o
                0x200000bc                hi2c1
 COMMON         0x20000110       0x48 Core\Src\i2s.o
                0x20000110                hi2s3
 COMMON         0x20000158       0x58 Core\Src\spi.o
                0x20000158                hspi1
 COMMON         0x200001b0        0x4 Drivers\STM32F4xx_HAL_Driver\Src\stm32f4xx_hal.o
                0x200001b0                uwTick
 COMMON         0x200001b4      0x3d8 USB_HOST\App\usb_host.o
                0x200001b4                hUsbHostFS
 COMMON         0x2000058c      0x304 USB_HOST\Target\usbh_conf.o
                0x2000058c                hhcd_USB_OTG_FS
 COMMON         0x20000890        0x4 c:/program files (x86)/atollic/truestudio for stm32 9.3.0/armtools/bin/../lib/gcc/arm-atollic-eabi/6.3.1/../../../../arm-atollic-eabi/lib/armv7e-m/fpu\libc_nano.a(lib_a-reent.o)
                0x20000890                errno
                0x20000894                . = ALIGN (0x4)
                0x20000894                _ebss = .
                0x20000894                __bss_end__ = _ebss

._user_heap_stack
                0x20000894      0x600
                0x20000894                . = ALIGN (0x4)
                0x20000894                PROVIDE (end, .)
                [!provide]                PROVIDE (_end, .)
                0x20000a94                . = (. + _Min_Heap_Size)
 *fill*         0x20000894      0x200 
                0x20000e94                . = (. + _Min_Stack_Size)
 *fill*         0x20000a94      0x400 
                0x20000e94                . = ALIGN (0x4)

/DISCARD/
 libc.a(*)
 libm.a(*)
 libgcc.a(*)

.ARM.attributes
                0x00000000       0x30
 *(.ARM.attributes)
 .ARM.attributes
                0x00000000       0x22 c:/program files (x86)/atollic/truestudio for stm32 9.3.0/armtools/bin/../lib/gcc/arm-atollic-eabi/6.3.1/armv7e-m/fpu/crti.o
 .ARM.attributes
                0x00000022       0x34 c:/program files (x86)/atollic/truestudio for stm32 9.3.0/armtools/bin/../lib/gcc/arm-atollic-eabi/6.3.1/armv7e-m/fpu/crtbegin.o
 .ARM.attributes
                0x00000056       0x39 Core\Src\gpio.o
 .ARM.attributes
                0x0000008f       0x39 Core\Src\i2c.o
 .ARM.attributes
                0x000000c8       0x39 Core\Src\i2s.o
 .ARM.attributes
                0x00000101       0x39 Core\Src\main.o
 .ARM.attributes
                0x0000013a       0x39 Core\Src\spi.o
 .ARM.attributes
                0x00000173       0x39 Core\Src\stm32f4xx_hal_msp.o
 .ARM.attributes
                0x000001ac       0x39 Core\Src\stm32f4xx_it.o
 .ARM.attributes
                0x000001e5       0x39 Core\Src\syscalls.o
 .ARM.attributes
                0x0000021e       0x39 Core\Src\system_stm32f4xx.o
 .ARM.attributes
                0x00000257       0x39 Drivers\STM32F4xx_HAL_Driver\Src\stm32f4xx_hal.o
 .ARM.attributes
                0x00000290       0x39 Drivers\STM32F4xx_HAL_Driver\Src\stm32f4xx_hal_cortex.o
 .ARM.attributes
                0x000002c9       0x39 Drivers\STM32F4xx_HAL_Driver\Src\stm32f4xx_hal_gpio.o
 .ARM.attributes
                0x00000302       0x39 Drivers\STM32F4xx_HAL_Driver\Src\stm32f4xx_hal_hcd.o
 .ARM.attributes
                0x0000033b       0x39 Drivers\STM32F4xx_HAL_Driver\Src\stm32f4xx_hal_i2c.o
 .ARM.attributes
                0x00000374       0x39 Drivers\STM32F4xx_HAL_Driver\Src\stm32f4xx_hal_i2s.o
 .ARM.attributes
                0x000003ad       0x39 Drivers\STM32F4xx_HAL_Driver\Src\stm32f4xx_hal_i2s_ex.o
 .ARM.attributes
                0x000003e6       0x39 Drivers\STM32F4xx_HAL_Driver\Src\stm32f4xx_hal_rcc.o
 .ARM.attributes
                0x0000041f       0x39 Drivers\STM32F4xx_HAL_Driver\Src\stm32f4xx_hal_rcc_ex.o
 .ARM.attributes
                0x00000458       0x39 Drivers\STM32F4xx_HAL_Driver\Src\stm32f4xx_hal_spi.o
 .ARM.attributes
                0x00000491       0x39 Drivers\STM32F4xx_HAL_Driver\Src\stm32f4xx_ll_usb.o
 .ARM.attributes
                0x000004ca       0x39 Middlewares\ST\STM32_USB_Host_Library\Class\CDC\Src\usbh_cdc.o
 .ARM.attributes
                0x00000503       0x39 Middlewares\ST\STM32_USB_Host_Library\Core\Src\usbh_core.o
 .ARM.attributes
                0x0000053c       0x39 Middlewares\ST\STM32_USB_Host_Library\Core\Src\usbh_ctlreq.o
 .ARM.attributes
                0x00000575       0x39 Middlewares\ST\STM32_USB_Host_Library\Core\Src\usbh_ioreq.o
 .ARM.attributes
                0x000005ae       0x39 Middlewares\ST\STM32_USB_Host_Library\Core\Src\usbh_pipes.o
 .ARM.attributes
                0x000005e7       0x39 USB_HOST\App\usb_host.o
 .ARM.attributes
                0x00000620       0x39 USB_HOST\Target\usbh_conf.o
 .ARM.attributes
                0x00000659       0x39 USB_HOST\Target\usbh_platform.o
 .ARM.attributes
                0x00000692       0x21 startup\startup_stm32f407xx.o
 .ARM.attributes
                0x000006b3       0x34 c:/program files (x86)/atollic/truestudio for stm32 9.3.0/armtools/bin/../lib/gcc/arm-atollic-eabi/6.3.1/../../../../arm-atollic-eabi/lib/armv7e-m/fpu\libc_nano.a(lib_a-errno.o)
 .ARM.attributes
                0x000006e7       0x34 c:/program files (x86)/atollic/truestudio for stm32 9.3.0/armtools/bin/../lib/gcc/arm-atollic-eabi/6.3.1/../../../../arm-atollic-eabi/lib/armv7e-m/fpu\libc_nano.a(lib_a-impure.o)
 .ARM.attributes
                0x0000071b       0x34 c:/program files (x86)/atollic/truestudio for stm32 9.3.0/armtools/bin/../lib/gcc/arm-atollic-eabi/6.3.1/../../../../arm-atollic-eabi/lib/armv7e-m/fpu\libc_nano.a(lib_a-init.o)
 .ARM.attributes
                0x0000074f       0x34 c:/program files (x86)/atollic/truestudio for stm32 9.3.0/armtools/bin/../lib/gcc/arm-atollic-eabi/6.3.1/../../../../arm-atollic-eabi/lib/armv7e-m/fpu\libc_nano.a(lib_a-malloc.o)
 .ARM.attributes
                0x00000783       0x34 c:/program files (x86)/atollic/truestudio for stm32 9.3.0/armtools/bin/../lib/gcc/arm-atollic-eabi/6.3.1/../../../../arm-atollic-eabi/lib/armv7e-m/fpu\libc_nano.a(lib_a-memset.o)
 .ARM.attributes
                0x000007b7       0x34 c:/program files (x86)/atollic/truestudio for stm32 9.3.0/armtools/bin/../lib/gcc/arm-atollic-eabi/6.3.1/../../../../arm-atollic-eabi/lib/armv7e-m/fpu\libc_nano.a(lib_a-nano-freer.o)
 .ARM.attributes
                0x000007eb       0x34 c:/program files (x86)/atollic/truestudio for stm32 9.3.0/armtools/bin/../lib/gcc/arm-atollic-eabi/6.3.1/../../../../arm-atollic-eabi/lib/armv7e-m/fpu\libc_nano.a(lib_a-nano-mallocr.o)
 .ARM.attributes
                0x0000081f       0x34 c:/program files (x86)/atollic/truestudio for stm32 9.3.0/armtools/bin/../lib/gcc/arm-atollic-eabi/6.3.1/../../../../arm-atollic-eabi/lib/armv7e-m/fpu\libc_nano.a(lib_a-sbrkr.o)
 .ARM.attributes
                0x00000853       0x34 c:/program files (x86)/atollic/truestudio for stm32 9.3.0/armtools/bin/../lib/gcc/arm-atollic-eabi/6.3.1/../../../../arm-atollic-eabi/lib/armv7e-m/fpu\libc_nano.a(lib_a-mlock.o)
 .ARM.attributes
                0x00000887       0x34 c:/program files (x86)/atollic/truestudio for stm32 9.3.0/armtools/bin/../lib/gcc/arm-atollic-eabi/6.3.1/../../../../arm-atollic-eabi/lib/armv7e-m/fpu\libc_nano.a(lib_a-reent.o)
 .ARM.attributes
                0x000008bb       0x22 c:/program files (x86)/atollic/truestudio for stm32 9.3.0/armtools/bin/../lib/gcc/arm-atollic-eabi/6.3.1/armv7e-m/fpu\libgcc.a(_aeabi_uldivmod.o)
 .ARM.attributes
                0x000008dd       0x34 c:/program files (x86)/atollic/truestudio for stm32 9.3.0/armtools/bin/../lib/gcc/arm-atollic-eabi/6.3.1/armv7e-m/fpu\libgcc.a(_udivmoddi4.o)
 .ARM.attributes
                0x00000911       0x22 c:/program files (x86)/atollic/truestudio for stm32 9.3.0/armtools/bin/../lib/gcc/arm-atollic-eabi/6.3.1/armv7e-m/fpu\libgcc.a(_dvmd_tls.o)
 .ARM.attributes
                0x00000933       0x22 c:/program files (x86)/atollic/truestudio for stm32 9.3.0/armtools/bin/../lib/gcc/arm-atollic-eabi/6.3.1/armv7e-m/fpu/crtn.o
OUTPUT(led_test.elf elf32-littlearm)

.debug_info     0x00000000    0x1a242
 .debug_info    0x00000000      0x501 Core\Src\gpio.o
 .debug_info    0x00000501      0x9d6 Core\Src\i2c.o
 .debug_info    0x00000ed7      0x9a6 Core\Src\i2s.o
 .debug_info    0x0000187d      0xf6b Core\Src\main.o
 .debug_info    0x000027e8      0x9b5 Core\Src\spi.o
 .debug_info    0x0000319d      0x364 Core\Src\stm32f4xx_hal_msp.o
 .debug_info    0x00003501      0x6be Core\Src\stm32f4xx_it.o
 .debug_info    0x00003bbf      0xf16 Core\Src\syscalls.o
 .debug_info    0x00004ad5      0x556 Core\Src\system_stm32f4xx.o
 .debug_info    0x0000502b      0x944 Drivers\STM32F4xx_HAL_Driver\Src\stm32f4xx_hal.o
 .debug_info    0x0000596f      0xe28 Drivers\STM32F4xx_HAL_Driver\Src\stm32f4xx_hal_cortex.o
 .debug_info    0x00006797      0x7c3 Drivers\STM32F4xx_HAL_Driver\Src\stm32f4xx_hal_gpio.o
 .debug_info    0x00006f5a      0xe85 Drivers\STM32F4xx_HAL_Driver\Src\stm32f4xx_hal_hcd.o
 .debug_info    0x00007ddf     0x2422 Drivers\STM32F4xx_HAL_Driver\Src\stm32f4xx_hal_i2c.o
 .debug_info    0x0000a201      0xe5b Drivers\STM32F4xx_HAL_Driver\Src\stm32f4xx_hal_i2s.o
 .debug_info    0x0000b05c      0xb72 Drivers\STM32F4xx_HAL_Driver\Src\stm32f4xx_hal_i2s_ex.o
 .debug_info    0x0000bbce      0x903 Drivers\STM32F4xx_HAL_Driver\Src\stm32f4xx_hal_rcc.o
 .debug_info    0x0000c4d1      0x5ad Drivers\STM32F4xx_HAL_Driver\Src\stm32f4xx_hal_rcc_ex.o
 .debug_info    0x0000ca7e     0x1673 Drivers\STM32F4xx_HAL_Driver\Src\stm32f4xx_hal_spi.o
 .debug_info    0x0000e0f1     0x1900 Drivers\STM32F4xx_HAL_Driver\Src\stm32f4xx_ll_usb.o
 .debug_info    0x0000f9f1     0x1acd Middlewares\ST\STM32_USB_Host_Library\Class\CDC\Src\usbh_cdc.o
 .debug_info    0x000114be     0x16ae Middlewares\ST\STM32_USB_Host_Library\Core\Src\usbh_core.o
 .debug_info    0x00012b6c     0x176e Middlewares\ST\STM32_USB_Host_Library\Core\Src\usbh_ctlreq.o
 .debug_info    0x000142da     0x14db Middlewares\ST\STM32_USB_Host_Library\Core\Src\usbh_ioreq.o
 .debug_info    0x000157b5     0x131e Middlewares\ST\STM32_USB_Host_Library\Core\Src\usbh_pipes.o
 .debug_info    0x00016ad3     0x1271 USB_HOST\App\usb_host.o
 .debug_info    0x00017d44     0x2200 USB_HOST\Target\usbh_conf.o
 .debug_info    0x00019f44      0x27b USB_HOST\Target\usbh_platform.o
 .debug_info    0x0001a1bf       0x83 startup\startup_stm32f407xx.o

.debug_abbrev   0x00000000     0x3a96
 .debug_abbrev  0x00000000      0x12f Core\Src\gpio.o
 .debug_abbrev  0x0000012f      0x194 Core\Src\i2c.o
 .debug_abbrev  0x000002c3      0x194 Core\Src\i2s.o
 .debug_abbrev  0x00000457      0x1b2 Core\Src\main.o
 .debug_abbrev  0x00000609      0x194 Core\Src\spi.o
 .debug_abbrev  0x0000079d      0x104 Core\Src\stm32f4xx_hal_msp.o
 .debug_abbrev  0x000008a1      0x15f Core\Src\stm32f4xx_it.o
 .debug_abbrev  0x00000a00      0x271 Core\Src\syscalls.o
 .debug_abbrev  0x00000c71      0x126 Core\Src\system_stm32f4xx.o
 .debug_abbrev  0x00000d97      0x1c2 Drivers\STM32F4xx_HAL_Driver\Src\stm32f4xx_hal.o
 .debug_abbrev  0x00000f59      0x2f5 Drivers\STM32F4xx_HAL_Driver\Src\stm32f4xx_hal_cortex.o
 .debug_abbrev  0x0000124e      0x1c4 Drivers\STM32F4xx_HAL_Driver\Src\stm32f4xx_hal_gpio.o
 .debug_abbrev  0x00001412      0x250 Drivers\STM32F4xx_HAL_Driver\Src\stm32f4xx_hal_hcd.o
 .debug_abbrev  0x00001662      0x24f Drivers\STM32F4xx_HAL_Driver\Src\stm32f4xx_hal_i2c.o
 .debug_abbrev  0x000018b1      0x216 Drivers\STM32F4xx_HAL_Driver\Src\stm32f4xx_hal_i2s.o
 .debug_abbrev  0x00001ac7      0x241 Drivers\STM32F4xx_HAL_Driver\Src\stm32f4xx_hal_i2s_ex.o
 .debug_abbrev  0x00001d08      0x240 Drivers\STM32F4xx_HAL_Driver\Src\stm32f4xx_hal_rcc.o
 .debug_abbrev  0x00001f48      0x16e Drivers\STM32F4xx_HAL_Driver\Src\stm32f4xx_hal_rcc_ex.o
 .debug_abbrev  0x000020b6      0x23b Drivers\STM32F4xx_HAL_Driver\Src\stm32f4xx_hal_spi.o
 .debug_abbrev  0x000022f1      0x265 Drivers\STM32F4xx_HAL_Driver\Src\stm32f4xx_ll_usb.o
 .debug_abbrev  0x00002556      0x301 Middlewares\ST\STM32_USB_Host_Library\Class\CDC\Src\usbh_cdc.o
 .debug_abbrev  0x00002857      0x35b Middlewares\ST\STM32_USB_Host_Library\Core\Src\usbh_core.o
 .debug_abbrev  0x00002bb2      0x314 Middlewares\ST\STM32_USB_Host_Library\Core\Src\usbh_ctlreq.o
 .debug_abbrev  0x00002ec6      0x272 Middlewares\ST\STM32_USB_Host_Library\Core\Src\usbh_ioreq.o
 .debug_abbrev  0x00003138      0x2aa Middlewares\ST\STM32_USB_Host_Library\Core\Src\usbh_pipes.o
 .debug_abbrev  0x000033e2      0x261 USB_HOST\App\usb_host.o
 .debug_abbrev  0x00003643      0x342 USB_HOST\Target\usbh_conf.o
 .debug_abbrev  0x00003985       0xff USB_HOST\Target\usbh_platform.o
 .debug_abbrev  0x00003a84       0x12 startup\startup_stm32f407xx.o

.debug_aranges  0x00000000     0x11f8
 .debug_aranges
                0x00000000       0x20 Core\Src\gpio.o
 .debug_aranges
                0x00000020       0x30 Core\Src\i2c.o
 .debug_aranges
                0x00000050       0x30 Core\Src\i2s.o
 .debug_aranges
                0x00000080       0x30 Core\Src\main.o
 .debug_aranges
                0x000000b0       0x30 Core\Src\spi.o
 .debug_aranges
                0x000000e0       0x20 Core\Src\stm32f4xx_hal_msp.o
 .debug_aranges
                0x00000100       0x68 Core\Src\stm32f4xx_it.o
 .debug_aranges
                0x00000168       0xb0 Core\Src\syscalls.o
 .debug_aranges
                0x00000218       0x28 Core\Src\system_stm32f4xx.o
 .debug_aranges
                0x00000240       0xf0 Drivers\STM32F4xx_HAL_Driver\Src\stm32f4xx_hal.o
 .debug_aranges
                0x00000330      0x118 Drivers\STM32F4xx_HAL_Driver\Src\stm32f4xx_hal_cortex.o
 .debug_aranges
                0x00000448       0x58 Drivers\STM32F4xx_HAL_Driver\Src\stm32f4xx_hal_gpio.o
 .debug_aranges
                0x000004a0       0xf8 Drivers\STM32F4xx_HAL_Driver\Src\stm32f4xx_hal_hcd.o
 .debug_aranges
                0x00000598      0x2a0 Drivers\STM32F4xx_HAL_Driver\Src\stm32f4xx_hal_i2c.o
 .debug_aranges
                0x00000838      0x108 Drivers\STM32F4xx_HAL_Driver\Src\stm32f4xx_hal_i2s.o
 .debug_aranges
                0x00000940       0x88 Drivers\STM32F4xx_HAL_Driver\Src\stm32f4xx_hal_i2s_ex.o
 .debug_aranges
                0x000009c8       0x88 Drivers\STM32F4xx_HAL_Driver\Src\stm32f4xx_hal_rcc.o
 .debug_aranges
                0x00000a50       0x48 Drivers\STM32F4xx_HAL_Driver\Src\stm32f4xx_hal_rcc_ex.o
 .debug_aranges
                0x00000a98      0x1d0 Drivers\STM32F4xx_HAL_Driver\Src\stm32f4xx_hal_spi.o
 .debug_aranges
                0x00000c68      0x198 Drivers\STM32F4xx_HAL_Driver\Src\stm32f4xx_ll_usb.o
 .debug_aranges
                0x00000e00       0xa8 Middlewares\ST\STM32_USB_Host_Library\Class\CDC\Src\usbh_cdc.o
 .debug_aranges
                0x00000ea8       0xc0 Middlewares\ST\STM32_USB_Host_Library\Core\Src\usbh_core.o
 .debug_aranges
                0x00000f68       0xa0 Middlewares\ST\STM32_USB_Host_Library\Core\Src\usbh_ctlreq.o
 .debug_aranges
                0x00001008       0x60 Middlewares\ST\STM32_USB_Host_Library\Core\Src\usbh_ioreq.o
 .debug_aranges
                0x00001068       0x40 Middlewares\ST\STM32_USB_Host_Library\Core\Src\usbh_pipes.o
 .debug_aranges
                0x000010a8       0x30 USB_HOST\App\usb_host.o
 .debug_aranges
                0x000010d8       0xd8 USB_HOST\Target\usbh_conf.o
 .debug_aranges
                0x000011b0       0x20 USB_HOST\Target\usbh_platform.o
 .debug_aranges
                0x000011d0       0x28 startup\startup_stm32f407xx.o

.debug_ranges   0x00000000     0x1058
 .debug_ranges  0x00000000       0x10 Core\Src\gpio.o
 .debug_ranges  0x00000010       0x20 Core\Src\i2c.o
 .debug_ranges  0x00000030       0x20 Core\Src\i2s.o
 .debug_ranges  0x00000050       0x20 Core\Src\main.o
 .debug_ranges  0x00000070       0x20 Core\Src\spi.o
 .debug_ranges  0x00000090       0x10 Core\Src\stm32f4xx_hal_msp.o
 .debug_ranges  0x000000a0       0x58 Core\Src\stm32f4xx_it.o
 .debug_ranges  0x000000f8       0xa0 Core\Src\syscalls.o
 .debug_ranges  0x00000198       0x18 Core\Src\system_stm32f4xx.o
 .debug_ranges  0x000001b0       0xe0 Drivers\STM32F4xx_HAL_Driver\Src\stm32f4xx_hal.o
 .debug_ranges  0x00000290      0x108 Drivers\STM32F4xx_HAL_Driver\Src\stm32f4xx_hal_cortex.o
 .debug_ranges  0x00000398       0x48 Drivers\STM32F4xx_HAL_Driver\Src\stm32f4xx_hal_gpio.o
 .debug_ranges  0x000003e0       0xe8 Drivers\STM32F4xx_HAL_Driver\Src\stm32f4xx_hal_hcd.o
 .debug_ranges  0x000004c8      0x2b8 Drivers\STM32F4xx_HAL_Driver\Src\stm32f4xx_hal_i2c.o
 .debug_ranges  0x00000780       0xf8 Drivers\STM32F4xx_HAL_Driver\Src\stm32f4xx_hal_i2s.o
 .debug_ranges  0x00000878       0x78 Drivers\STM32F4xx_HAL_Driver\Src\stm32f4xx_hal_i2s_ex.o
 .debug_ranges  0x000008f0       0x78 Drivers\STM32F4xx_HAL_Driver\Src\stm32f4xx_hal_rcc.o
 .debug_ranges  0x00000968       0x38 Drivers\STM32F4xx_HAL_Driver\Src\stm32f4xx_hal_rcc_ex.o
 .debug_ranges  0x000009a0      0x1c0 Drivers\STM32F4xx_HAL_Driver\Src\stm32f4xx_hal_spi.o
 .debug_ranges  0x00000b60      0x188 Drivers\STM32F4xx_HAL_Driver\Src\stm32f4xx_ll_usb.o
 .debug_ranges  0x00000ce8       0x98 Middlewares\ST\STM32_USB_Host_Library\Class\CDC\Src\usbh_cdc.o
 .debug_ranges  0x00000d80       0xb0 Middlewares\ST\STM32_USB_Host_Library\Core\Src\usbh_core.o
 .debug_ranges  0x00000e30       0x90 Middlewares\ST\STM32_USB_Host_Library\Core\Src\usbh_ctlreq.o
 .debug_ranges  0x00000ec0       0x50 Middlewares\ST\STM32_USB_Host_Library\Core\Src\usbh_ioreq.o
 .debug_ranges  0x00000f10       0x30 Middlewares\ST\STM32_USB_Host_Library\Core\Src\usbh_pipes.o
 .debug_ranges  0x00000f40       0x20 USB_HOST\App\usb_host.o
 .debug_ranges  0x00000f60       0xc8 USB_HOST\Target\usbh_conf.o
 .debug_ranges  0x00001028       0x10 USB_HOST\Target\usbh_platform.o
 .debug_ranges  0x00001038       0x20 startup\startup_stm32f407xx.o

.debug_line     0x00000000     0x9a87
 .debug_line    0x00000000      0x227 Core\Src\gpio.o
 .debug_line    0x00000227      0x287 Core\Src\i2c.o
 .debug_line    0x000004ae      0x28e Core\Src\i2s.o
 .debug_line    0x0000073c      0x32e Core\Src\main.o
 .debug_line    0x00000a6a      0x289 Core\Src\spi.o
 .debug_line    0x00000cf3      0x1eb Core\Src\stm32f4xx_hal_msp.o
 .debug_line    0x00000ede      0x2d6 Core\Src\stm32f4xx_it.o
 .debug_line    0x000011b4      0x3dd Core\Src\syscalls.o
 .debug_line    0x00001591      0x20e Core\Src\system_stm32f4xx.o
 .debug_line    0x0000179f      0x41f Drivers\STM32F4xx_HAL_Driver\Src\stm32f4xx_hal.o
 .debug_line    0x00001bbe      0x553 Drivers\STM32F4xx_HAL_Driver\Src\stm32f4xx_hal_cortex.o
 .debug_line    0x00002111      0x406 Drivers\STM32F4xx_HAL_Driver\Src\stm32f4xx_hal_gpio.o
 .debug_line    0x00002517      0x715 Drivers\STM32F4xx_HAL_Driver\Src\stm32f4xx_hal_hcd.o
 .debug_line    0x00002c2c     0x175c Drivers\STM32F4xx_HAL_Driver\Src\stm32f4xx_hal_i2c.o
 .debug_line    0x00004388      0x8eb Drivers\STM32F4xx_HAL_Driver\Src\stm32f4xx_hal_i2s.o
 .debug_line    0x00004c73      0xa08 Drivers\STM32F4xx_HAL_Driver\Src\stm32f4xx_hal_i2s_ex.o
 .debug_line    0x0000567b      0x4c4 Drivers\STM32F4xx_HAL_Driver\Src\stm32f4xx_hal_rcc.o
 .debug_line    0x00005b3f      0x35a Drivers\STM32F4xx_HAL_Driver\Src\stm32f4xx_hal_rcc_ex.o
 .debug_line    0x00005e99      0xc1d Drivers\STM32F4xx_HAL_Driver\Src\stm32f4xx_hal_spi.o
 .debug_line    0x00006ab6      0x9b1 Drivers\STM32F4xx_HAL_Driver\Src\stm32f4xx_ll_usb.o
 .debug_line    0x00007467      0x5d6 Middlewares\ST\STM32_USB_Host_Library\Class\CDC\Src\usbh_cdc.o
 .debug_line    0x00007a3d      0x701 Middlewares\ST\STM32_USB_Host_Library\Core\Src\usbh_core.o
 .debug_line    0x0000813e      0x5e8 Middlewares\ST\STM32_USB_Host_Library\Core\Src\usbh_ctlreq.o
 .debug_line    0x00008726      0x3ee Middlewares\ST\STM32_USB_Host_Library\Core\Src\usbh_ioreq.o
 .debug_line    0x00008b14      0x3a6 Middlewares\ST\STM32_USB_Host_Library\Core\Src\usbh_pipes.o
 .debug_line    0x00008eba      0x3a7 USB_HOST\App\usb_host.o
 .debug_line    0x00009261      0x59e USB_HOST\Target\usbh_conf.o
 .debug_line    0x000097ff      0x207 USB_HOST\Target\usbh_platform.o
 .debug_line    0x00009a06       0x81 startup\startup_stm32f407xx.o

.debug_str      0x00000000     0x5b9f
 .debug_str     0x00000000      0x3e6 Core\Src\gpio.o
                                0x44c (size before relaxing)
 .debug_str     0x000003e6      0x4ee Core\Src\i2c.o
                                0x94d (size before relaxing)
 .debug_str     0x000008d4      0x1e9 Core\Src\i2s.o
                                0x89a (size before relaxing)
 .debug_str     0x00000abd      0x322 Core\Src\main.o
                                0xdf0 (size before relaxing)
 .debug_str     0x00000ddf       0x4b Core\Src\spi.o
                                0x8aa (size before relaxing)
 .debug_str     0x00000e2a       0x2c Core\Src\stm32f4xx_hal_msp.o
                                0x3bb (size before relaxing)
 .debug_str     0x00000e56      0x42b Core\Src\stm32f4xx_it.o
                                0x768 (size before relaxing)
 .debug_str     0x00001281      0x607 Core\Src\syscalls.o
                                0x864 (size before relaxing)
 .debug_str     0x00001888       0xaf Core\Src\system_stm32f4xx.o
                                0x437 (size before relaxing)
 .debug_str     0x00001937      0x7a4 Drivers\STM32F4xx_HAL_Driver\Src\stm32f4xx_hal.o
                                0xb84 (size before relaxing)
 .debug_str     0x000020db      0x492 Drivers\STM32F4xx_HAL_Driver\Src\stm32f4xx_hal_cortex.o
                                0xd08 (size before relaxing)
 .debug_str     0x0000256d      0x158 Drivers\STM32F4xx_HAL_Driver\Src\stm32f4xx_hal_gpio.o
                                0x5ce (size before relaxing)
 .debug_str     0x000026c5      0x400 Drivers\STM32F4xx_HAL_Driver\Src\stm32f4xx_hal_hcd.o
                                0xae8 (size before relaxing)
 .debug_str     0x00002ac5      0x88f Drivers\STM32F4xx_HAL_Driver\Src\stm32f4xx_hal_i2c.o
                               0x10a9 (size before relaxing)
 .debug_str     0x00003354      0x26b Drivers\STM32F4xx_HAL_Driver\Src\stm32f4xx_hal_i2s.o
                                0x9ea (size before relaxing)
 .debug_str     0x000035bf      0x1f1 Drivers\STM32F4xx_HAL_Driver\Src\stm32f4xx_hal_i2s_ex.o
                                0x93e (size before relaxing)
 .debug_str     0x000037b0      0x1ae Drivers\STM32F4xx_HAL_Driver\Src\stm32f4xx_hal_rcc.o
                                0x785 (size before relaxing)
 .debug_str     0x0000395e      0x113 Drivers\STM32F4xx_HAL_Driver\Src\stm32f4xx_hal_rcc_ex.o
                                0x581 (size before relaxing)
 .debug_str     0x00003a71      0x500 Drivers\STM32F4xx_HAL_Driver\Src\stm32f4xx_hal_spi.o
                                0xc9c (size before relaxing)
 .debug_str     0x00003f71      0x633 Drivers\STM32F4xx_HAL_Driver\Src\stm32f4xx_ll_usb.o
                                0xd42 (size before relaxing)
 .debug_str     0x000045a4      0xdc6 Middlewares\ST\STM32_USB_Host_Library\Class\CDC\Src\usbh_cdc.o
                               0x1580 (size before relaxing)
 .debug_str     0x0000536a      0x213 Middlewares\ST\STM32_USB_Host_Library\Core\Src\usbh_core.o
                               0x1115 (size before relaxing)
 .debug_str     0x0000557d      0x222 Middlewares\ST\STM32_USB_Host_Library\Core\Src\usbh_ctlreq.o
                               0x1187 (size before relaxing)
 .debug_str     0x0000579f       0xfe Middlewares\ST\STM32_USB_Host_Library\Core\Src\usbh_ioreq.o
                               0x1002 (size before relaxing)
 .debug_str     0x0000589d       0x97 Middlewares\ST\STM32_USB_Host_Library\Core\Src\usbh_pipes.o
                                0xf87 (size before relaxing)
 .debug_str     0x00005934       0xc7 USB_HOST\App\usb_host.o
                                0xf9e (size before relaxing)
 .debug_str     0x000059fb      0x171 USB_HOST\Target\usbh_conf.o
                               0x1c9b (size before relaxing)
 .debug_str     0x00005b6c       0x33 USB_HOST\Target\usbh_platform.o
                                0x33a (size before relaxing)

.comment        0x00000000       0x7c
 .comment       0x00000000       0x7c Core\Src\gpio.o
                                 0x7d (size before relaxing)
 .comment       0x0000007c       0x7d Core\Src\i2c.o
 .comment       0x0000007c       0x7d Core\Src\i2s.o
 .comment       0x0000007c       0x7d Core\Src\main.o
 .comment       0x0000007c       0x7d Core\Src\spi.o
 .comment       0x0000007c       0x7d Core\Src\stm32f4xx_hal_msp.o
 .comment       0x0000007c       0x7d Core\Src\stm32f4xx_it.o
 .comment       0x0000007c       0x7d Core\Src\syscalls.o
 .comment       0x0000007c       0x7d Core\Src\system_stm32f4xx.o
 .comment       0x0000007c       0x7d Drivers\STM32F4xx_HAL_Driver\Src\stm32f4xx_hal.o
 .comment       0x0000007c       0x7d Drivers\STM32F4xx_HAL_Driver\Src\stm32f4xx_hal_cortex.o
 .comment       0x0000007c       0x7d Drivers\STM32F4xx_HAL_Driver\Src\stm32f4xx_hal_gpio.o
 .comment       0x0000007c       0x7d Drivers\STM32F4xx_HAL_Driver\Src\stm32f4xx_hal_hcd.o
 .comment       0x0000007c       0x7d Drivers\STM32F4xx_HAL_Driver\Src\stm32f4xx_hal_i2c.o
 .comment       0x0000007c       0x7d Drivers\STM32F4xx_HAL_Driver\Src\stm32f4xx_hal_i2s.o
 .comment       0x0000007c       0x7d Drivers\STM32F4xx_HAL_Driver\Src\stm32f4xx_hal_i2s_ex.o
 .comment       0x0000007c       0x7d Drivers\STM32F4xx_HAL_Driver\Src\stm32f4xx_hal_rcc.o
 .comment       0x0000007c       0x7d Drivers\STM32F4xx_HAL_Driver\Src\stm32f4xx_hal_rcc_ex.o
 .comment       0x0000007c       0x7d Drivers\STM32F4xx_HAL_Driver\Src\stm32f4xx_hal_spi.o
 .comment       0x0000007c       0x7d Drivers\STM32F4xx_HAL_Driver\Src\stm32f4xx_ll_usb.o
 .comment       0x0000007c       0x7d Middlewares\ST\STM32_USB_Host_Library\Class\CDC\Src\usbh_cdc.o
 .comment       0x0000007c       0x7d Middlewares\ST\STM32_USB_Host_Library\Core\Src\usbh_core.o
 .comment       0x0000007c       0x7d Middlewares\ST\STM32_USB_Host_Library\Core\Src\usbh_ctlreq.o
 .comment       0x0000007c       0x7d Middlewares\ST\STM32_USB_Host_Library\Core\Src\usbh_ioreq.o
 .comment       0x0000007c       0x7d Middlewares\ST\STM32_USB_Host_Library\Core\Src\usbh_pipes.o
 .comment       0x0000007c       0x7d USB_HOST\App\usb_host.o
 .comment       0x0000007c       0x7d USB_HOST\Target\usbh_conf.o
 .comment       0x0000007c       0x7d USB_HOST\Target\usbh_platform.o

.debug_frame    0x00000000     0x4aa8
 .debug_frame   0x00000000       0x34 Core\Src\gpio.o
 .debug_frame   0x00000034       0x74 Core\Src\i2c.o
 .debug_frame   0x000000a8       0x74 Core\Src\i2s.o
 .debug_frame   0x0000011c       0x68 Core\Src\main.o
 .debug_frame   0x00000184       0x74 Core\Src\spi.o
 .debug_frame   0x000001f8       0x34 Core\Src\stm32f4xx_hal_msp.o
 .debug_frame   0x0000022c      0x120 Core\Src\stm32f4xx_it.o
 .debug_frame   0x0000034c      0x2d4 Core\Src\syscalls.o
 .debug_frame   0x00000620       0x58 Core\Src\system_stm32f4xx.o
 .debug_frame   0x00000678      0x374 Drivers\STM32F4xx_HAL_Driver\Src\stm32f4xx_hal.o
 .debug_frame   0x000009ec      0x498 Drivers\STM32F4xx_HAL_Driver\Src\stm32f4xx_hal_cortex.o
 .debug_frame   0x00000e84      0x14c Drivers\STM32F4xx_HAL_Driver\Src\stm32f4xx_hal_gpio.o
 .debug_frame   0x00000fd0      0x44c Drivers\STM32F4xx_HAL_Driver\Src\stm32f4xx_hal_hcd.o
 .debug_frame   0x0000141c      0xc5c Drivers\STM32F4xx_HAL_Driver\Src\stm32f4xx_hal_i2c.o
 .debug_frame   0x00002078      0x484 Drivers\STM32F4xx_HAL_Driver\Src\stm32f4xx_hal_i2s.o
 .debug_frame   0x000024fc      0x220 Drivers\STM32F4xx_HAL_Driver\Src\stm32f4xx_hal_i2s_ex.o
 .debug_frame   0x0000271c      0x1f8 Drivers\STM32F4xx_HAL_Driver\Src\stm32f4xx_hal_rcc.o
 .debug_frame   0x00002914       0xf0 Drivers\STM32F4xx_HAL_Driver\Src\stm32f4xx_hal_rcc_ex.o
 .debug_frame   0x00002a04      0x824 Drivers\STM32F4xx_HAL_Driver\Src\stm32f4xx_hal_spi.o
 .debug_frame   0x00003228      0x798 Drivers\STM32F4xx_HAL_Driver\Src\stm32f4xx_ll_usb.o
 .debug_frame   0x000039c0      0x2c0 Middlewares\ST\STM32_USB_Host_Library\Class\CDC\Src\usbh_cdc.o
 .debug_frame   0x00003c80      0x338 Middlewares\ST\STM32_USB_Host_Library\Core\Src\usbh_core.o
 .debug_frame   0x00003fb8      0x28c Middlewares\ST\STM32_USB_Host_Library\Core\Src\usbh_ctlreq.o
 .debug_frame   0x00004244      0x154 Middlewares\ST\STM32_USB_Host_Library\Core\Src\usbh_ioreq.o
 .debug_frame   0x00004398       0xcc Middlewares\ST\STM32_USB_Host_Library\Core\Src\usbh_pipes.o
 .debug_frame   0x00004464       0x70 USB_HOST\App\usb_host.o
 .debug_frame   0x000044d4      0x388 USB_HOST\Target\usbh_conf.o
 .debug_frame   0x0000485c       0x34 USB_HOST\Target\usbh_platform.o
 .debug_frame   0x00004890       0x20 c:/program files (x86)/atollic/truestudio for stm32 9.3.0/armtools/bin/../lib/gcc/arm-atollic-eabi/6.3.1/../../../../arm-atollic-eabi/lib/armv7e-m/fpu\libc_nano.a(lib_a-errno.o)
 .debug_frame   0x000048b0       0x2c c:/program files (x86)/atollic/truestudio for stm32 9.3.0/armtools/bin/../lib/gcc/arm-atollic-eabi/6.3.1/../../../../arm-atollic-eabi/lib/armv7e-m/fpu\libc_nano.a(lib_a-init.o)
 .debug_frame   0x000048dc       0x30 c:/program files (x86)/atollic/truestudio for stm32 9.3.0/armtools/bin/../lib/gcc/arm-atollic-eabi/6.3.1/../../../../arm-atollic-eabi/lib/armv7e-m/fpu\libc_nano.a(lib_a-malloc.o)
 .debug_frame   0x0000490c       0x20 c:/program files (x86)/atollic/truestudio for stm32 9.3.0/armtools/bin/../lib/gcc/arm-atollic-eabi/6.3.1/../../../../arm-atollic-eabi/lib/armv7e-m/fpu\libc_nano.a(lib_a-memset.o)
 .debug_frame   0x0000492c       0x38 c:/program files (x86)/atollic/truestudio for stm32 9.3.0/armtools/bin/../lib/gcc/arm-atollic-eabi/6.3.1/../../../../arm-atollic-eabi/lib/armv7e-m/fpu\libc_nano.a(lib_a-nano-freer.o)
 .debug_frame   0x00004964       0x2c c:/program files (x86)/atollic/truestudio for stm32 9.3.0/armtools/bin/../lib/gcc/arm-atollic-eabi/6.3.1/../../../../arm-atollic-eabi/lib/armv7e-m/fpu\libc_nano.a(lib_a-nano-mallocr.o)
 .debug_frame   0x00004990       0x2c c:/program files (x86)/atollic/truestudio for stm32 9.3.0/armtools/bin/../lib/gcc/arm-atollic-eabi/6.3.1/../../../../arm-atollic-eabi/lib/armv7e-m/fpu\libc_nano.a(lib_a-sbrkr.o)
 .debug_frame   0x000049bc       0x30 c:/program files (x86)/atollic/truestudio for stm32 9.3.0/armtools/bin/../lib/gcc/arm-atollic-eabi/6.3.1/../../../../arm-atollic-eabi/lib/armv7e-m/fpu\libc_nano.a(lib_a-mlock.o)
 .debug_frame   0x000049ec       0x5c c:/program files (x86)/atollic/truestudio for stm32 9.3.0/armtools/bin/../lib/gcc/arm-atollic-eabi/6.3.1/../../../../arm-atollic-eabi/lib/armv7e-m/fpu\libc_nano.a(lib_a-reent.o)
 .debug_frame   0x00004a48       0x2c c:/program files (x86)/atollic/truestudio for stm32 9.3.0/armtools/bin/../lib/gcc/arm-atollic-eabi/6.3.1/armv7e-m/fpu\libgcc.a(_aeabi_uldivmod.o)
 .debug_frame   0x00004a74       0x34 c:/program files (x86)/atollic/truestudio for stm32 9.3.0/armtools/bin/../lib/gcc/arm-atollic-eabi/6.3.1/armv7e-m/fpu\libgcc.a(_udivmoddi4.o)
